[     125ms] [ERROR] Failed to load resource: the server responded with a status of 500 () @ http://localhost:3006/grid:0
[     299ms] [ERROR] Failed to load resource: the server responded with a status of 404 () @ http://localhost:3006/favicon.ico:0
[     375ms] [ERROR] Failed to load resource: the server responded with a status of 500 () @ http://localhost:3006/grid:0
[     474ms] [ERROR] Failed to load resource: the server responded with a status of 500 (Internal Server Error) @ http://localhost:3006/src/domains/grid/service.ts?t=1787549204174:0
[     480ms] Failed to fetch dynamically imported module: http://localhost:3006/node_modules/.pnpm/@tanstack+react-start@1.168.49_esbuild@0.28.2_react-dom@19.2.8_react@19.2.8__react@19.2_4980f3cc3bebbced2223ec4c29c27218/node_modules/@tanstack/react-start/dist/plugin/default-entry/client.tsx?t=1787549269872
[    1237ms] [ERROR] Failed to load resource: the server responded with a status of 500 () @ http://localhost:3006/grid:0
[    1292ms] [ERROR] Failed to load resource: the server responded with a status of 500 (Internal Server Error) @ http://localhost:3006/src/domains/grid/service.ts?t=1787549298950:0
[    1296ms] Failed to fetch dynamically imported module: http://localhost:3006/node_modules/.pnpm/@tanstack+react-start@1.168.49_esbuild@0.28.2_react-dom@19.2.8_react@19.2.8__react@19.2_4980f3cc3bebbced2223ec4c29c27218/node_modules/@tanstack/react-start/dist/plugin/default-entry/client.tsx?t=1787549298950
[   91897ms] [ERROR] WebSocket connection to 'ws://localhost:3006/?token=8-G5F0_vR79P' failed:  @ http://localhost:3006/@vite/client:871
[   91898ms] [LOG] [vite] server connection lost. Polling for restart... @ http://localhost:3006/@vite/client:1002
[   97623ms] [ERROR] Failed to load resource: the server responded with a status of 500 () @ http://localhost:3006/grid:0
[   98968ms] [INFO] %cDownload the React DevTools for a better development experience: https://react.dev/link/react-devtools font-weight:bold @ http://localhost:3006/node_modules/.vite/deps/react-dom_client.js?v=d4f8bf3a:14335
[   99072ms] [ERROR] %o

%s

%s
 Error: Cannot read properties of undefined (reading 'getItem')
    at http://localhost:3006/grid:1:13598
    at http://localhost:3006/grid:78:9 The above error occurred in the <MatchInnerImpl> component. React will try to recreate this component tree from scratch using the error boundary you provided, CatchBoundary. @ http://localhost:3006/src/routes/__root.tsx:193
[   99072ms] [WARNING] Warning: The following error wasn't caught by any route! At the very least, consider setting an 'errorComponent' in your RootRoute! @ http://localhost:3006/src/routes/__root.tsx:193
[   99073ms] [WARNING] Warning: Cannot read properties of undefined (reading 'getItem') @ http://localhost:3006/src/routes/__root.tsx:193
[   99073ms] Error: There was an error during concurrent rendering but React was able to recover by instead synchronously rendering the entire root.
    at throwException (http://localhost:3006/node_modules/.vite/deps/react-dom_client.js?v=d4f8bf3a:5370:43)
    at throwAndUnwindWorkLoop (http://localhost:3006/node_modules/.vite/deps/react-dom_client.js?v=d4f8bf3a:8462:9)
    at renderRootSync (http://localhost:3006/node_modules/.vite/deps/react-dom_client.js?v=d4f8bf3a:8306:137)
    at performWorkOnRoot (http://localhost:3006/node_modules/.vite/deps/react-dom_client.js?v=d4f8bf3a:7957:181)
    at performWorkOnRootViaSchedulerTask (http://localhost:3006/node_modules/.vite/deps/react-dom_client.js?v=d4f8bf3a:9059:4)
    at MessagePort.performWorkUntilDeadline (http://localhost:3006/node_modules/.vite/deps/react-dom_client.js?v=d4f8bf3a:36:38)
[  136505ms] [LOG] %c[Server]%c color: #9333ea; font-weight: bold; color: inherit; 7:30:34 AM [vite] (client) hmr update /src/styles.css?direct, /src/routes/demo/ai-chat.css, /src/routes/grid/index.tsx @ http://localhost:3006/src/routes/__root.tsx:259
[  136505ms] [LOG] %c[Server]%c color: #9333ea; font-weight: bold; color: inherit; 7:30:34 AM [vite] (ssr) page reload src/domains/settings/preferences.ts @ http://localhost:3006/src/routes/__root.tsx:259
[  136505ms] [LOG] %c[Server]%c color: #9333ea; font-weight: bold; color: inherit; 7:30:34 AM [vite] (ssr) program reload @ http://localhost:3006/src/routes/__root.tsx:259
[  136697ms] Error: There was an error while hydrating but React was able to recover by instead client rendering from the nearest Suspense boundary.
    at throwException (http://localhost:3006/node_modules/.vite/deps/react-dom_client.js?v=d4f8bf3a:5369:346)
    at throwAndUnwindWorkLoop (http://localhost:3006/node_modules/.vite/deps/react-dom_client.js?v=d4f8bf3a:8462:9)
    at renderRootSync (http://localhost:3006/node_modules/.vite/deps/react-dom_client.js?v=d4f8bf3a:8306:137)
    at performWorkOnRoot (http://localhost:3006/node_modules/.vite/deps/react-dom_client.js?v=d4f8bf3a:7957:181)
    at performWorkOnRootViaSchedulerTask (http://localhost:3006/node_modules/.vite/deps/react-dom_client.js?v=d4f8bf3a:9059:4)
    at MessagePort.performWorkUntilDeadline (http://localhost:3006/node_modules/.vite/deps/react-dom_client.js?v=d4f8bf3a:36:38)
