[     404ms] [INFO] %cDownload the React DevTools for a better development experience: https://react.dev/link/react-devtools font-weight:bold @ http://localhost:3005/node_modules/.vite/deps/react-dom_client.js?v=a0a590cc:14335
[     940ms] [VERBOSE] [DOM] Input elements should have autocomplete attributes (suggested: "current-password"): (More info: https://goo.gl/9p2vKq) %o @ http://localhost:3005/auth/sign-in:0
[   36512ms] [LOG] %c[Server]%c color: #9333ea; font-weight: bold; color: inherit; 8:49:16 AM [vite] (client) hmr update /src/styles.css?direct, /src/routes/demo/ai-chat.css, /src/routes/settings/index.tsx?tsr-split=component, /src/domains/auth/auth-guard.tsx, /src/routes/__root.tsx @ http://localhost:3005/src/routes/__root.tsx?t=1787554001329:260
[   36513ms] [LOG] %c[Server]%c color: #9333ea; font-weight: bold; color: inherit; 8:49:16 AM [vite] (ssr) page reload src/domains/auth/store.ts @ http://localhost:3005/src/routes/__root.tsx?t=1787554001329:260
[   36513ms] [LOG] %c[Server]%c color: #9333ea; font-weight: bold; color: inherit; 8:49:16 AM [vite] (ssr) program reload @ http://localhost:3005/src/routes/__root.tsx?t=1787554001329:260
[   61717ms] [LOG] %c[Server]%c color: #9333ea; font-weight: bold; color: inherit; 8:49:41 AM [vite] (client) hmr update /src/styles.css?direct, /src/routes/demo/ai-chat.css, /src/routes/__root.tsx @ http://localhost:3005/src/routes/__root.tsx?t=1787554001329:260
[   61717ms] [LOG] %c[Server]%c color: #9333ea; font-weight: bold; color: inherit; 8:49:41 AM [vite] (ssr) page reload src/styles.css @ http://localhost:3005/src/routes/__root.tsx?t=1787554001329:260
[   62844ms] [LOG] %c[Server]%c color: #9333ea; font-weight: bold; color: inherit; 8:49:42 AM [vite] (client) hmr update /src/styles.css?direct, /src/routes/demo/ai-chat.css, /src/domains/auth/auth-guard.tsx @ http://localhost:3005/src/routes/__root.tsx?t=1787554001329:260
[   62844ms] [LOG] %c[Server]%c color: #9333ea; font-weight: bold; color: inherit; 8:49:42 AM [vite] (ssr) page reload src/domains/auth/auth-guard.tsx @ http://localhost:3005/src/routes/__root.tsx?t=1787554001329:260
[   64893ms] [LOG] %c[Server]%c color: #9333ea; font-weight: bold; color: inherit; 8:49:44 AM [vite] (client) hmr update /src/styles.css?direct, /src/routes/demo/ai-chat.css, /src/routes/__root.tsx @ http://localhost:3005/src/routes/__root.tsx?t=1787554001329:260
[   64893ms] [LOG] %c[Server]%c color: #9333ea; font-weight: bold; color: inherit; 8:49:44 AM [vite] (ssr) page reload src/routes/__root.tsx @ http://localhost:3005/src/routes/__root.tsx?t=1787554001329:260
[   65480ms] [ERROR] %o

%s

%s
 ReferenceError: AuthenticatedLayout is not defined
    at RootDocument (http://localhost:3005/src/routes/__root.tsx?t=1787554184562:503:40)
    at Object.react_stack_bottom_frame (http://localhost:3005/node_modules/.vite/deps/react-dom_client.js?v=a0a590cc:12866:12)
    at renderWithHooks (http://localhost:3005/node_modules/.vite/deps/react-dom_client.js?v=a0a590cc:4213:19)
    at updateFunctionComponent (http://localhost:3005/node_modules/.vite/deps/react-dom_client.js?v=a0a590cc:5569:16)
    at beginWork (http://localhost:3005/node_modules/.vite/deps/react-dom_client.js?v=a0a590cc:6140:20)
    at runWithFiberInDEV (http://localhost:3005/node_modules/.vite/deps/react-dom_client.js?v=a0a590cc:851:66)
    at performUnitOfWork (http://localhost:3005/node_modules/.vite/deps/react-dom_client.js?v=a0a590cc:8429:92)
    at workLoopSync (http://localhost:3005/node_modules/.vite/deps/react-dom_client.js?v=a0a590cc:8325:37)
    at renderRootSync (http://localhost:3005/node_modules/.vite/deps/react-dom_client.js?v=a0a590cc:8309:6)
    at performWorkOnRoot (http://localhost:3005/node_modules/.vite/deps/react-dom_client.js?v=a0a590cc:7994:27) The above error occurred in the <RootDocument> component. React will try to recreate this component tree from scratch using the error boundary you provided, CatchBoundary. @ http://localhost:3005/src/routes/__root.tsx?t=1787554001329:194
[   65481ms] [WARNING] Warning: The following error wasn't caught by any route! At the very least, consider setting an 'errorComponent' in your RootRoute! @ http://localhost:3005/src/routes/__root.tsx?t=1787554001329:194
[   65481ms] [WARNING] Warning: AuthenticatedLayout is not defined @ http://localhost:3005/src/routes/__root.tsx?t=1787554001329:194
[   73194ms] [LOG] %c[Server]%c color: #9333ea; font-weight: bold; color: inherit; 8:49:52 AM [vite] (client) hmr update /src/styles.css?direct, /src/routes/demo/ai-chat.css, /src/routes/__root.tsx @ http://localhost:3005/src/routes/__root.tsx?t=1787554001329:260
[   73194ms] [LOG] %c[Server]%c color: #9333ea; font-weight: bold; color: inherit; 8:49:52 AM [vite] (ssr) page reload src/routes/__root.tsx @ http://localhost:3005/src/routes/__root.tsx?t=1787554001329:260
[   73208ms] [ERROR] %o

%s

%s
 ReferenceError: AuthenticatedLayout is not defined
    at RootDocument (http://localhost:3005/src/routes/__root.tsx?t=1787554184562:503:40)
    at Object.react_stack_bottom_frame (http://localhost:3005/node_modules/.vite/deps/react-dom_client.js?v=a0a590cc:12866:12)
    at renderWithHooks (http://localhost:3005/node_modules/.vite/deps/react-dom_client.js?v=a0a590cc:4213:19)
    at updateFunctionComponent (http://localhost:3005/node_modules/.vite/deps/react-dom_client.js?v=a0a590cc:5569:16)
    at beginWork (http://localhost:3005/node_modules/.vite/deps/react-dom_client.js?v=a0a590cc:6140:20)
    at runWithFiberInDEV (http://localhost:3005/node_modules/.vite/deps/react-dom_client.js?v=a0a590cc:851:66)
    at performUnitOfWork (http://localhost:3005/node_modules/.vite/deps/react-dom_client.js?v=a0a590cc:8429:92)
    at workLoopSync (http://localhost:3005/node_modules/.vite/deps/react-dom_client.js?v=a0a590cc:8325:37)
    at renderRootSync (http://localhost:3005/node_modules/.vite/deps/react-dom_client.js?v=a0a590cc:8309:6)
    at performWorkOnRoot (http://localhost:3005/node_modules/.vite/deps/react-dom_client.js?v=a0a590cc:7994:27) The above error occurred in the <RootDocument> component. React will try to recreate this component tree from scratch using the error boundary you provided, CatchBoundary. @ http://localhost:3005/src/routes/__root.tsx?t=1787554001329:194
[   73209ms] [WARNING] Warning: The following error wasn't caught by any route! At the very least, consider setting an 'errorComponent' in your RootRoute! @ http://localhost:3005/src/routes/__root.tsx?t=1787554001329:194
[   73209ms] [WARNING] Warning: AuthenticatedLayout is not defined @ http://localhost:3005/src/routes/__root.tsx?t=1787554001329:194
[   73338ms] [VERBOSE] [DOM] Input elements should have autocomplete attributes (suggested: "current-password"): (More info: https://goo.gl/9p2vKq) %o @ http://localhost:3005/auth/sign-in:0
