[     410ms] [INFO] %cDownload the React DevTools for a better development experience: https://react.dev/link/react-devtools font-weight:bold @ http://localhost:3005/node_modules/.vite/deps/react-dom_client.js?v=a0a590cc:14335
[    6690ms] [LOG] %c[Server]%c color: #9333ea; font-weight: bold; color: inherit; 8:50:24 AM [vite] (client) hmr update /src/styles.css?direct, /src/routes/demo/ai-chat.css, /src/routes/auth/sign-in/index.tsx, /src/routes/auth/sign-in/index.tsx?tsr-split=component @ http://localhost:3005/src/routes/__root.tsx?t=1787554192945:260
[    6690ms] [LOG] %c[Server]%c color: #9333ea; font-weight: bold; color: inherit; 8:50:24 AM [vite] (ssr) page reload src/routes/auth/sign-in/index.tsx @ http://localhost:3005/src/routes/__root.tsx?t=1787554192945:260
[    6690ms] [LOG] %c[Server]%c color: #9333ea; font-weight: bold; color: inherit; 8:50:24 AM [vite] (ssr) program reload @ http://localhost:3005/src/routes/__root.tsx?t=1787554192945:260
[   13665ms] [ERROR] Failed to load resource: the server responded with a status of 500 (Internal Server Error) @ http://localhost:3005/src/routes/auth/sign-in/index.tsx?t=1787554231569:0
[   13666ms] [ERROR] [vite] Failed to reload /src/routes/auth/sign-in/index.tsx. This could be due to syntax errors or importing non-existent modules. (see errors above) @ http://localhost:3005/src/routes/__root.tsx?t=1787554192945:194
[   13753ms] [ERROR] %c[Server]%c color: #9333ea; font-weight: bold; color: inherit; {name: Error, message: Error transforming route file /Users/cb/Downloads/…Missing initializer in const declaration. (39:30), stack: Error: Error transforming route file /Users/cb/Dow…de_modules/vite/dist/node/chunks/node.js:26604:3)} @ http://localhost:3005/src/routes/__root.tsx?t=1787554192945:260
[   13753ms] [LOG] %c[Server]%c color: #9333ea; font-weight: bold; color: inherit; 8:50:31 AM [vite] (client) hmr update /src/styles.css?direct, /src/routes/demo/ai-chat.css, /src/routes/auth/sign-in/index.tsx, /src/routes/auth/sign-in/index.tsx?tsr-split=component @ http://localhost:3005/src/routes/__root.tsx?t=1787554192945:260
[   13753ms] [LOG] %c[Server]%c color: #9333ea; font-weight: bold; color: inherit; 8:50:31 AM [vite] (ssr) page reload src/routes/auth/sign-in/index.tsx @ http://localhost:3005/src/routes/__root.tsx?t=1787554192945:260
[   13753ms] [ERROR] %c[Server]%c color: #9333ea; font-weight: bold; color: inherit; 8:50:31 AM [vite] Internal server error: Missing initializer in const declaration. (39:30)
  Plugin: tanstack-router:code-splitter:compile-reference-file
  File: http://localhost:3005/__tsd/open-source?source=%2FUsers%2Fcb%2FDownloads%2FFYK-TANSTACK%2Fsrc%2Froutes%2Fauth%2Fsign-in%2Findex.tsx%3A39%3A30
  37 |  type AuthMode = 'login' | 'signup' | 'forgot' | 'reset' | 'magic-link'
  38 |  
  39 |  const PASSWORD_STRENGTH_LABELS
     |                                ^
  40 |  const PASSWORD_STRENGTH_COLORS = [
  41 |    '',
      at constructor (http://localhost:3005/__tsd/open-source?source=%2FUsers%2Fcb%2FDownloads%2FFYK-TANSTACK%2Fnode_modules%2F.pnpm%2F%40babel%2Bparser%407.29.8%2Fnode_modules%2F%40babel%2Fparser%2Flib%2Findex.js%3A369%3A19)
      at TypeScriptParserMixin.raise (http://localhost:3005/__tsd/open-source?source=%2FUsers%2Fcb%2FDownloads%2FFYK-TANSTACK%2Fnode_modules%2F.pnpm%2F%40babel%2Bparser%407.29.8%2Fnode_modules%2F%40babel%2Fparser%2Flib%2Findex.js%3A6620%3A19)
      at TypeScriptParserMixin.parseVar (http://localhost:3005/__tsd/open-source?source=%2FUsers%2Fcb%2FDownloads%2FFYK-TANSTACK%2Fnode_modules%2F.pnpm%2F%40babel%2Bparser%407.29.8%2Fnode_modules%2F%40babel%2Fparser%2Flib%2Findex.js%3A13420%3A16)
      at TypeScriptParserMixin.parseVarStatement (http://localhost:3005/__tsd/open-source?source=%2FUsers%2Fcb%2FDownloads%2FFYK-TANSTACK%2Fnode_modules%2F.pnpm%2F%40babel%2Bparser%407.29.8%2Fnode_modules%2F%40babel%2Fparser%2Flib%2Findex.js%3A13259%3A10)
      at TypeScriptParserMixin.parseVarStatement (http://localhost:3005/__tsd/open-source?source=%2FUsers%2Fcb%2FDownloads%2FFYK-TANSTACK%2Fnode_modules%2F.pnpm%2F%40babel%2Bparser%407.29.8%2Fnode_modules%2F%40babel%2Fparser%2Flib%2Findex.js%3A9429%3A31)
      at TypeScriptParserMixin.parseStatementContent (http://localhost:3005/__tsd/open-source?source=%2FUsers%2Fcb%2FDownloads%2FFYK-TANSTACK%2Fnode_modules%2F.pnpm%2F%40babel%2Bparser%407.29.8%2Fnode_modules%2F%40babel%2Fparser%2Flib%2Findex.js%3A12880%3A23)
      at TypeScriptParserMixin.parseStatementContent (http://localhost:3005/__tsd/open-source?source=%2FUsers%2Fcb%2FDownloads%2FFYK-TANSTACK%2Fnode_modules%2F.pnpm%2F%40babel%2Bparser%407.29.8%2Fnode_modules%2F%40babel%2Fparser%2Flib%2Findex.js%3A9529%3A18)
      at TypeScriptParserMixin.parseStatementLike (http://localhost:3005/__tsd/open-source?source=%2FUsers%2Fcb%2FDownloads%2FFYK-TANSTACK%2Fnode_modules%2F.pnpm%2F%40babel%2Bparser%407.29.8%2Fnode_modules%2F%40babel%2Fparser%2Flib%2Findex.js%3A12796%3A17)
      at TypeScriptParserMixin.parseModuleItem (http://localhost:3005/__tsd/open-source?source=%2FUsers%2Fcb%2FDownloads%2FFYK-TANSTACK%2Fnode_modules%2F.pnpm%2F%40babel%2Bparser%407.29.8%2Fnode_modules%2F%40babel%2Fparser%2Flib%2Findex.js%3A12773%3A17)
      at TypeScriptParserMixin.parseBlockOrModuleBlockBody (http://localhost:3005/__tsd/open-source?source=%2FUsers%2Fcb%2FDownloads%2FFYK-TANSTACK%2Fnode_modules%2F.pnpm%2F%40babel%2Bparser%407.29.8%2Fnode_modules%2F%40babel%2Fparser%2Flib%2Findex.js%3A13345%3A36) @ http://localhost:3005/src/routes/__root.tsx?t=1787554192945:260
[   13753ms] [ERROR] %c[Server]%c color: #9333ea; font-weight: bold; color: inherit; 8:50:31 AM [vite] Internal server error: Missing initializer in const declaration. (39:30)
  Plugin: tanstack-router:code-splitter:compile-reference-file
  File: http://localhost:3005/__tsd/open-source?source=%2FUsers%2Fcb%2FDownloads%2FFYK-TANSTACK%2Fsrc%2Froutes%2Fauth%2Fsign-in%2Findex.tsx%3A39%3A30
  37 |  type AuthMode = 'login' | 'signup' | 'forgot' | 'reset' | 'magic-link'
  38 |  
  39 |  const PASSWORD_STRENGTH_LABELS
     |                                ^
  40 |  const PASSWORD_STRENGTH_COLORS = [
  41 |    '',
      at constructor (http://localhost:3005/__tsd/open-source?source=%2FUsers%2Fcb%2FDownloads%2FFYK-TANSTACK%2Fnode_modules%2F.pnpm%2F%40babel%2Bparser%407.29.8%2Fnode_modules%2F%40babel%2Fparser%2Flib%2Findex.js%3A369%3A19)
      at TypeScriptParserMixin.raise (http://localhost:3005/__tsd/open-source?source=%2FUsers%2Fcb%2FDownloads%2FFYK-TANSTACK%2Fnode_modules%2F.pnpm%2F%40babel%2Bparser%407.29.8%2Fnode_modules%2F%40babel%2Fparser%2Flib%2Findex.js%3A6620%3A19)
      at TypeScriptParserMixin.parseVar (http://localhost:3005/__tsd/open-source?source=%2FUsers%2Fcb%2FDownloads%2FFYK-TANSTACK%2Fnode_modules%2F.pnpm%2F%40babel%2Bparser%407.29.8%2Fnode_modules%2F%40babel%2Fparser%2Flib%2Findex.js%3A13420%3A16)
      at TypeScriptParserMixin.parseVarStatement (http://localhost:3005/__tsd/open-source?source=%2FUsers%2Fcb%2FDownloads%2FFYK-TANSTACK%2Fnode_modules%2F.pnpm%2F%40babel%2Bparser%407.29.8%2Fnode_modules%2F%40babel%2Fparser%2Flib%2Findex.js%3A13259%3A10)
      at TypeScriptParserMixin.parseVarStatement (http://localhost:3005/__tsd/open-source?source=%2FUsers%2Fcb%2FDownloads%2FFYK-TANSTACK%2Fnode_modules%2F.pnpm%2F%40babel%2Bparser%407.29.8%2Fnode_modules%2F%40babel%2Fparser%2Flib%2Findex.js%3A9429%3A31)
      at TypeScriptParserMixin.parseStatementContent (http://localhost:3005/__tsd/open-source?source=%2FUsers%2Fcb%2FDownloads%2FFYK-TANSTACK%2Fnode_modules%2F.pnpm%2F%40babel%2Bparser%407.29.8%2Fnode_modules%2F%40babel%2Fparser%2Flib%2Findex.js%3A12880%3A23)
      at TypeScriptParserMixin.parseStatementContent (http://localhost:3005/__tsd/open-source?source=%2FUsers%2Fcb%2FDownloads%2FFYK-TANSTACK%2Fnode_modules%2F.pnpm%2F%40babel%2Bparser%407.29.8%2Fnode_modules%2F%40babel%2Fparser%2Flib%2Findex.js%3A9529%3A18)
      at TypeScriptParserMixin.parseStatementLike (http://localhost:3005/__tsd/open-source?source=%2FUsers%2Fcb%2FDownloads%2FFYK-TANSTACK%2Fnode_modules%2F.pnpm%2F%40babel%2Bparser%407.29.8%2Fnode_modules%2F%40babel%2Fparser%2Flib%2Findex.js%3A12796%3A17)
      at TypeScriptParserMixin.parseModuleItem (http://localhost:3005/__tsd/open-source?source=%2FUsers%2Fcb%2FDownloads%2FFYK-TANSTACK%2Fnode_modules%2F.pnpm%2F%40babel%2Bparser%407.29.8%2Fnode_modules%2F%40babel%2Fparser%2Flib%2Findex.js%3A12773%3A17)
      at TypeScriptParserMixin.parseBlockOrModuleBlockBody (http://localhost:3005/__tsd/open-source?source=%2FUsers%2Fcb%2FDownloads%2FFYK-TANSTACK%2Fnode_modules%2F.pnpm%2F%40babel%2Bparser%407.29.8%2Fnode_modules%2F%40babel%2Fparser%2Flib%2Findex.js%3A13345%3A36) @ http://localhost:3005/src/routes/__root.tsx?t=1787554192945:260
[   13753ms] [ERROR] %c[Server]%c color: #9333ea; font-weight: bold; color: inherit; 8:50:31 AM [vite] Internal server error: Missing initializer in const declaration. (39:30)
  Plugin: tanstack-router:code-splitter:compile-reference-file
  File: http://localhost:3005/__tsd/open-source?source=%2FUsers%2Fcb%2FDownloads%2FFYK-TANSTACK%2Fsrc%2Froutes%2Fauth%2Fsign-in%2Findex.tsx%3A39%3A30
  37 |  type AuthMode = 'login' | 'signup' | 'forgot' | 'reset' | 'magic-link'
  38 |  
  39 |  const PASSWORD_STRENGTH_LABELS
     |                                ^
  40 |  const PASSWORD_STRENGTH_COLORS = [
  41 |    '',
      at constructor (http://localhost:3005/__tsd/open-source?source=%2FUsers%2Fcb%2FDownloads%2FFYK-TANSTACK%2Fnode_modules%2F.pnpm%2F%40babel%2Bparser%407.29.8%2Fnode_modules%2F%40babel%2Fparser%2Flib%2Findex.js%3A369%3A19)
      at TypeScriptParserMixin.raise (http://localhost:3005/__tsd/open-source?source=%2FUsers%2Fcb%2FDownloads%2FFYK-TANSTACK%2Fnode_modules%2F.pnpm%2F%40babel%2Bparser%407.29.8%2Fnode_modules%2F%40babel%2Fparser%2Flib%2Findex.js%3A6620%3A19)
      at TypeScriptParserMixin.parseVar (http://localhost:3005/__tsd/open-source?source=%2FUsers%2Fcb%2FDownloads%2FFYK-TANSTACK%2Fnode_modules%2F.pnpm%2F%40babel%2Bparser%407.29.8%2Fnode_modules%2F%40babel%2Fparser%2Flib%2Findex.js%3A13420%3A16)
      at TypeScriptParserMixin.parseVarStatement (http://localhost:3005/__tsd/open-source?source=%2FUsers%2Fcb%2FDownloads%2FFYK-TANSTACK%2Fnode_modules%2F.pnpm%2F%40babel%2Bparser%407.29.8%2Fnode_modules%2F%40babel%2Fparser%2Flib%2Findex.js%3A13259%3A10)
      at TypeScriptParserMixin.parseVarStatement (http://localhost:3005/__tsd/open-source?source=%2FUsers%2Fcb%2FDownloads%2FFYK-TANSTACK%2Fnode_modules%2F.pnpm%2F%40babel%2Bparser%407.29.8%2Fnode_modules%2F%40babel%2Fparser%2Flib%2Findex.js%3A9429%3A31)
      at TypeScriptParserMixin.parseStatementContent (http://localhost:3005/__tsd/open-source?source=%2FUsers%2Fcb%2FDownloads%2FFYK-TANSTACK%2Fnode_modules%2F.pnpm%2F%40babel%2Bparser%407.29.8%2Fnode_modules%2F%40babel%2Fparser%2Flib%2Findex.js%3A12880%3A23)
      at TypeScriptParserMixin.parseStatementContent (http://localhost:3005/__tsd/open-source?source=%2FUsers%2Fcb%2FDownloads%2FFYK-TANSTACK%2Fnode_modules%2F.pnpm%2F%40babel%2Bparser%407.29.8%2Fnode_modules%2F%40babel%2Fparser%2Flib%2Findex.js%3A9529%3A18)
      at TypeScriptParserMixin.parseStatementLike (http://localhost:3005/__tsd/open-source?source=%2FUsers%2Fcb%2FDownloads%2FFYK-TANSTACK%2Fnode_modules%2F.pnpm%2F%40babel%2Bparser%407.29.8%2Fnode_modules%2F%40babel%2Fparser%2Flib%2Findex.js%3A12796%3A17)
      at TypeScriptParserMixin.parseModuleItem (http://localhost:3005/__tsd/open-source?source=%2FUsers%2Fcb%2FDownloads%2FFYK-TANSTACK%2Fnode_modules%2F.pnpm%2F%40babel%2Bparser%407.29.8%2Fnode_modules%2F%40babel%2Fparser%2Flib%2Findex.js%3A12773%3A17)
      at TypeScriptParserMixin.parseBlockOrModuleBlockBody (http://localhost:3005/__tsd/open-source?source=%2FUsers%2Fcb%2FDownloads%2FFYK-TANSTACK%2Fnode_modules%2F.pnpm%2F%40babel%2Bparser%407.29.8%2Fnode_modules%2F%40babel%2Fparser%2Flib%2Findex.js%3A13345%3A36) @ http://localhost:3005/src/routes/__root.tsx?t=1787554192945:260
[   13819ms] [ERROR] %c[Server]%c color: #9333ea; font-weight: bold; color: inherit; 8:50:31 AM [vite] Internal server error: Missing initializer in const declaration. (39:30)
  Plugin: tanstack-router:code-splitter:compile-reference-file
  File: http://localhost:3005/__tsd/open-source?source=%2FUsers%2Fcb%2FDownloads%2FFYK-TANSTACK%2Fsrc%2Froutes%2Fauth%2Fsign-in%2Findex.tsx%3A39%3A30
  37 |  type AuthMode = 'login' | 'signup' | 'forgot' | 'reset' | 'magic-link'
  38 |  
  39 |  const PASSWORD_STRENGTH_LABELS
     |                                ^
  40 |  const PASSWORD_STRENGTH_COLORS = [
  41 |    '',
      at constructor (http://localhost:3005/__tsd/open-source?source=%2FUsers%2Fcb%2FDownloads%2FFYK-TANSTACK%2Fnode_modules%2F.pnpm%2F%40babel%2Bparser%407.29.8%2Fnode_modules%2F%40babel%2Fparser%2Flib%2Findex.js%3A369%3A19)
      at TypeScriptParserMixin.raise (http://localhost:3005/__tsd/open-source?source=%2FUsers%2Fcb%2FDownloads%2FFYK-TANSTACK%2Fnode_modules%2F.pnpm%2F%40babel%2Bparser%407.29.8%2Fnode_modules%2F%40babel%2Fparser%2Flib%2Findex.js%3A6620%3A19)
      at TypeScriptParserMixin.parseVar (http://localhost:3005/__tsd/open-source?source=%2FUsers%2Fcb%2FDownloads%2FFYK-TANSTACK%2Fnode_modules%2F.pnpm%2F%40babel%2Bparser%407.29.8%2Fnode_modules%2F%40babel%2Fparser%2Flib%2Findex.js%3A13420%3A16)
      at TypeScriptParserMixin.parseVarStatement (http://localhost:3005/__tsd/open-source?source=%2FUsers%2Fcb%2FDownloads%2FFYK-TANSTACK%2Fnode_modules%2F.pnpm%2F%40babel%2Bparser%407.29.8%2Fnode_modules%2F%40babel%2Fparser%2Flib%2Findex.js%3A13259%3A10)
      at TypeScriptParserMixin.parseVarStatement (http://localhost:3005/__tsd/open-source?source=%2FUsers%2Fcb%2FDownloads%2FFYK-TANSTACK%2Fnode_modules%2F.pnpm%2F%40babel%2Bparser%407.29.8%2Fnode_modules%2F%40babel%2Fparser%2Flib%2Findex.js%3A9429%3A31)
      at TypeScriptParserMixin.parseStatementContent (http://localhost:3005/__tsd/open-source?source=%2FUsers%2Fcb%2FDownloads%2FFYK-TANSTACK%2Fnode_modules%2F.pnpm%2F%40babel%2Bparser%407.29.8%2Fnode_modules%2F%40babel%2Fparser%2Flib%2Findex.js%3A12880%3A23)
      at TypeScriptParserMixin.parseStatementContent (http://localhost:3005/__tsd/open-source?source=%2FUsers%2Fcb%2FDownloads%2FFYK-TANSTACK%2Fnode_modules%2F.pnpm%2F%40babel%2Bparser%407.29.8%2Fnode_modules%2F%40babel%2Fparser%2Flib%2Findex.js%3A9529%3A18)
      at TypeScriptParserMixin.parseStatementLike (http://localhost:3005/__tsd/open-source?source=%2FUsers%2Fcb%2FDownloads%2FFYK-TANSTACK%2Fnode_modules%2F.pnpm%2F%40babel%2Bparser%407.29.8%2Fnode_modules%2F%40babel%2Fparser%2Flib%2Findex.js%3A12796%3A17)
      at TypeScriptParserMixin.parseModuleItem (http://localhost:3005/__tsd/open-source?source=%2FUsers%2Fcb%2FDownloads%2FFYK-TANSTACK%2Fnode_modules%2F.pnpm%2F%40babel%2Bparser%407.29.8%2Fnode_modules%2F%40babel%2Fparser%2Flib%2Findex.js%3A12773%3A17)
      at TypeScriptParserMixin.parseBlockOrModuleBlockBody (http://localhost:3005/__tsd/open-source?source=%2FUsers%2Fcb%2FDownloads%2FFYK-TANSTACK%2Fnode_modules%2F.pnpm%2F%40babel%2Bparser%407.29.8%2Fnode_modules%2F%40babel%2Fparser%2Flib%2Findex.js%3A13345%3A36) @ http://localhost:3005/src/routes/__root.tsx?t=1787554192945:260
[   13819ms] [ERROR] %c[Server]%c color: #9333ea; font-weight: bold; color: inherit; 8:50:31 AM [vite] Internal server error: Missing initializer in const declaration. (39:30)
  Plugin: tanstack-router:code-splitter:compile-reference-file
  File: http://localhost:3005/__tsd/open-source?source=%2FUsers%2Fcb%2FDownloads%2FFYK-TANSTACK%2Fsrc%2Froutes%2Fauth%2Fsign-in%2Findex.tsx%3A39%3A30
  37 |  type AuthMode = 'login' | 'signup' | 'forgot' | 'reset' | 'magic-link'
  38 |  
  39 |  const PASSWORD_STRENGTH_LABELS
     |                                ^
  40 |  const PASSWORD_STRENGTH_COLORS = [
  41 |    '',
      at constructor (http://localhost:3005/__tsd/open-source?source=%2FUsers%2Fcb%2FDownloads%2FFYK-TANSTACK%2Fnode_modules%2F.pnpm%2F%40babel%2Bparser%407.29.8%2Fnode_modules%2F%40babel%2Fparser%2Flib%2Findex.js%3A369%3A19)
      at TypeScriptParserMixin.raise (http://localhost:3005/__tsd/open-source?source=%2FUsers%2Fcb%2FDownloads%2FFYK-TANSTACK%2Fnode_modules%2F.pnpm%2F%40babel%2Bparser%407.29.8%2Fnode_modules%2F%40babel%2Fparser%2Flib%2Findex.js%3A6620%3A19)
      at TypeScriptParserMixin.parseVar (http://localhost:3005/__tsd/open-source?source=%2FUsers%2Fcb%2FDownloads%2FFYK-TANSTACK%2Fnode_modules%2F.pnpm%2F%40babel%2Bparser%407.29.8%2Fnode_modules%2F%40babel%2Fparser%2Flib%2Findex.js%3A13420%3A16)
      at TypeScriptParserMixin.parseVarStatement (http://localhost:3005/__tsd/open-source?source=%2FUsers%2Fcb%2FDownloads%2FFYK-TANSTACK%2Fnode_modules%2F.pnpm%2F%40babel%2Bparser%407.29.8%2Fnode_modules%2F%40babel%2Fparser%2Flib%2Findex.js%3A13259%3A10)
      at TypeScriptParserMixin.parseVarStatement (http://localhost:3005/__tsd/open-source?source=%2FUsers%2Fcb%2FDownloads%2FFYK-TANSTACK%2Fnode_modules%2F.pnpm%2F%40babel%2Bparser%407.29.8%2Fnode_modules%2F%40babel%2Fparser%2Flib%2Findex.js%3A9429%3A31)
      at TypeScriptParserMixin.parseStatementContent (http://localhost:3005/__tsd/open-source?source=%2FUsers%2Fcb%2FDownloads%2FFYK-TANSTACK%2Fnode_modules%2F.pnpm%2F%40babel%2Bparser%407.29.8%2Fnode_modules%2F%40babel%2Fparser%2Flib%2Findex.js%3A12880%3A23)
      at TypeScriptParserMixin.parseStatementContent (http://localhost:3005/__tsd/open-source?source=%2FUsers%2Fcb%2FDownloads%2FFYK-TANSTACK%2Fnode_modules%2F.pnpm%2F%40babel%2Bparser%407.29.8%2Fnode_modules%2F%40babel%2Fparser%2Flib%2Findex.js%3A9529%3A18)
      at TypeScriptParserMixin.parseStatementLike (http://localhost:3005/__tsd/open-source?source=%2FUsers%2Fcb%2FDownloads%2FFYK-TANSTACK%2Fnode_modules%2F.pnpm%2F%40babel%2Bparser%407.29.8%2Fnode_modules%2F%40babel%2Fparser%2Flib%2Findex.js%3A12796%3A17)
      at TypeScriptParserMixin.parseModuleItem (http://localhost:3005/__tsd/open-source?source=%2FUsers%2Fcb%2FDownloads%2FFYK-TANSTACK%2Fnode_modules%2F.pnpm%2F%40babel%2Bparser%407.29.8%2Fnode_modules%2F%40babel%2Fparser%2Flib%2Findex.js%3A12773%3A17)
      at TypeScriptParserMixin.parseBlockOrModuleBlockBody (http://localhost:3005/__tsd/open-source?source=%2FUsers%2Fcb%2FDownloads%2FFYK-TANSTACK%2Fnode_modules%2F.pnpm%2F%40babel%2Bparser%407.29.8%2Fnode_modules%2F%40babel%2Fparser%2Flib%2Findex.js%3A13345%3A36) @ http://localhost:3005/src/routes/__root.tsx?t=1787554192945:260
[   45638ms] [ERROR] %c[Server]%c color: #9333ea; font-weight: bold; color: inherit; {name: Error, message: Error transforming route file /Users/cb/Downloads/…Missing initializer in const declaration. (39:30), stack: Error: Error transforming route file /Users/cb/Dow…de_modules/vite/dist/node/chunks/node.js:26604:3)} @ http://localhost:3005/src/routes/__root.tsx?t=1787554192945:260
[   45638ms] [LOG] %c[Server]%c color: #9333ea; font-weight: bold; color: inherit; 8:51:03 AM [vite] (client) hmr update /src/styles.css?direct, /src/routes/demo/ai-chat.css, /src/routes/auth/sign-up/index.tsx @ http://localhost:3005/src/routes/__root.tsx?t=1787554192945:260
[   45638ms] [LOG] %c[Server]%c color: #9333ea; font-weight: bold; color: inherit; 8:51:03 AM [vite] (ssr) page reload src/routes/auth/sign-up/index.tsx @ http://localhost:3005/src/routes/__root.tsx?t=1787554192945:260
[   62844ms] [LOG] %c[Server]%c color: #9333ea; font-weight: bold; color: inherit; 8:51:20 AM [vite] (client) hmr update /src/routes/demo/ai-chat.css, /src/styles.css?direct, /src/routes/__root.tsx @ http://localhost:3005/src/routes/__root.tsx?t=1787554192945:260
[   62844ms] [LOG] %c[Server]%c color: #9333ea; font-weight: bold; color: inherit; 8:51:20 AM [vite] (ssr) page reload src/hooks/use-auto-save-preferences.ts @ http://localhost:3005/src/routes/__root.tsx?t=1787554192945:260
[   76007ms] [ERROR] %c[Server]%c color: #9333ea; font-weight: bold; color: inherit; {name: Error, message: Error transforming route file /Users/cb/Downloads/…Missing initializer in const declaration. (39:30), stack: Error: Error transforming route file /Users/cb/Dow…de_modules/vite/dist/node/chunks/node.js:26604:3)} @ http://localhost:3005/src/routes/__root.tsx?t=1787554192945:260
[   76007ms] [LOG] %c[Server]%c color: #9333ea; font-weight: bold; color: inherit; 8:51:33 AM [vite] (client) hmr update /src/styles.css?direct, /src/routes/demo/ai-chat.css, /src/routes/onboarding/index.tsx @ http://localhost:3005/src/routes/__root.tsx?t=1787554192945:260
[   76007ms] [LOG] %c[Server]%c color: #9333ea; font-weight: bold; color: inherit; 8:51:33 AM [vite] (ssr) page reload src/routes/onboarding/index.tsx @ http://localhost:3005/src/routes/__root.tsx?t=1787554192945:260
[  107707ms] [ERROR] %c[Server]%c color: #9333ea; font-weight: bold; color: inherit; {name: Error, message: Error transforming route file /Users/cb/Downloads/…Missing initializer in const declaration. (39:30), stack: Error: Error transforming route file /Users/cb/Dow…de_modules/vite/dist/node/chunks/node.js:26604:3)} @ http://localhost:3005/src/routes/__root.tsx?t=1787554192945:260
[  107707ms] [LOG] %c[Server]%c color: #9333ea; font-weight: bold; color: inherit; 8:52:05 AM [vite] (client) hmr update /src/styles.css?direct, /src/routes/demo/ai-chat.css, /src/routes/onboarding/index.tsx @ http://localhost:3005/src/routes/__root.tsx?t=1787554192945:260
[  107707ms] [LOG] %c[Server]%c color: #9333ea; font-weight: bold; color: inherit; 8:52:05 AM [vite] (ssr) page reload src/routes/onboarding/index.tsx @ http://localhost:3005/src/routes/__root.tsx?t=1787554192945:260
[  115760ms] [LOG] %c[Server]%c color: #9333ea; font-weight: bold; color: inherit; 8:52:13 AM [vite] (client) hmr update /src/styles.css?direct, /src/routes/demo/ai-chat.css @ http://localhost:3005/src/routes/__root.tsx?t=1787554192945:260
[  115760ms] [LOG] %c[Server]%c color: #9333ea; font-weight: bold; color: inherit; 8:52:13 AM [vite] (ssr) hmr update /src/routes/demo/ai-chat.css @ http://localhost:3005/src/routes/__root.tsx?t=1787554192945:260
[  128369ms] [LOG] %c[Server]%c color: #9333ea; font-weight: bold; color: inherit; 8:52:26 AM [vite] (client) hmr update /src/routes/demo/ai-chat.css, /src/styles.css?direct, /src/components/UserDropdown.tsx @ http://localhost:3005/src/routes/__root.tsx?t=1787554192945:260
[  128369ms] [LOG] %c[Server]%c color: #9333ea; font-weight: bold; color: inherit; 8:52:26 AM [vite] (ssr) page reload src/components/UserDropdown.tsx @ http://localhost:3005/src/routes/__root.tsx?t=1787554192945:260
[  182523ms] [LOG] %c[Server]%c color: #9333ea; font-weight: bold; color: inherit; 8:53:20 AM [vite] (client) hmr update /src/styles.css?direct, /src/routes/demo/ai-chat.css, /src/routes/__root.tsx @ http://localhost:3005/src/routes/__root.tsx?t=1787554192945:260
[  182525ms] [LOG] %c[Server]%c color: #9333ea; font-weight: bold; color: inherit; 8:53:20 AM [vite] (ssr) page reload src/styles.css @ http://localhost:3005/src/routes/__root.tsx?t=1787554192945:260
