[    1023ms] [INFO] %cDownload the React DevTools for a better development experience: https://react.dev/link/react-devtools font-weight:bold @ webpack-internal:///(app-pages-browser)/./node_modules/next/dist/next-devtools/shared/forward-logs-shared.js:44
[    1068ms] [LOG] [HMR] connected @ webpack-internal:///(app-pages-browser)/./node_modules/next/dist/next-devtools/shared/forward-logs-shared.js:44
[    1148ms] [ERROR] Failed to load resource: the server responded with a status of 401 (Unauthorized) @ http://localhost:3000/api/bootstrap:0
[    1151ms] [ERROR] Failed to load resource: the server responded with a status of 401 (Unauthorized) @ http://localhost:3000/api/bootstrap:0
[    1158ms] [LOG] %c[Vercel Web Analytics]%c Debug mode is enabled by default in development. No requests will be sent to the server. color: rgb(120, 120, 120) color: inherit @ webpack-internal:///(app-pages-browser)/./node_modules/next/dist/next-devtools/shared/forward-logs-shared.js:44
[    1158ms] [LOG] %c[Vercel Web Analytics]%c [view] http://localhost:3000/tabs/profiles color: rgb(120, 120, 120) color: inherit {o: http://localhost:3000/tabs/profiles, sv: 0.1.3, sdkn: @vercel/analytics/react, sdkv: 2.0.1, ts: 1787548829076} /_vercel/insights/view @ webpack-internal:///(app-pages-browser)/./node_modules/next/dist/next-devtools/shared/forward-logs-shared.js:44
[    1238ms] [VERBOSE] [DOM] Input elements should have autocomplete attributes (suggested: "current-password"): (More info: https://goo.gl/9p2vKq) %o @ http://localhost:3000/tabs/profiles:0
[    4173ms] [WARNING] The resource http://localhost:3000/_next/static/media/6c25f6e897d845a3-s.p.woff2?v=1787548828062 was preloaded using link preload but not used within a few seconds from the window's load event. Please make sure it has an appropriate `as` value and it is preloaded intentionally. @ http://localhost:3000/tabs/profiles:0
[    4173ms] [WARNING] The resource http://localhost:3000/_next/static/media/36966cca54120369-s.p.woff2?v=1787548828062 was preloaded using link preload but not used within a few seconds from the window's load event. Please make sure it has an appropriate `as` value and it is preloaded intentionally. @ http://localhost:3000/tabs/profiles:0
[   13187ms] [LOG] [Fast Refresh] rebuilding @ webpack-internal:///(app-pages-browser)/./node_modules/next/dist/next-devtools/shared/forward-logs-shared.js:44
[   15125ms] [LOG] [Fast Refresh] done in 1938ms @ webpack-internal:///(app-pages-browser)/./node_modules/next/dist/next-devtools/shared/forward-logs-shared.js:44
[   15165ms] [LOG] [Fast Refresh] rebuilding @ webpack-internal:///(app-pages-browser)/./node_modules/next/dist/next-devtools/shared/forward-logs-shared.js:44
[   17719ms] [LOG] [Fast Refresh] done in 2554ms @ webpack-internal:///(app-pages-browser)/./node_modules/next/dist/next-devtools/shared/forward-logs-shared.js:44
[   18126ms] [WARNING] The resource http://localhost:3000/_next/static/media/6c25f6e897d845a3-s.p.woff2?v=1787548828062 was preloaded using link preload but not used within a few seconds from the window's load event. Please make sure it has an appropriate `as` value and it is preloaded intentionally. @ http://localhost:3000/tabs/profiles:0
[   18126ms] [WARNING] The resource http://localhost:3000/_next/static/media/36966cca54120369-s.p.woff2?v=1787548828062 was preloaded using link preload but not used within a few seconds from the window's load event. Please make sure it has an appropriate `as` value and it is preloaded intentionally. @ http://localhost:3000/tabs/profiles:0
[   22560ms] [INFO] %cDownload the React DevTools for a better development experience: https://react.dev/link/react-devtools font-weight:bold @ webpack-internal:///(app-pages-browser)/./node_modules/next/dist/next-devtools/shared/forward-logs-shared.js:44
[   22664ms] [LOG] [HMR] connected @ webpack-internal:///(app-pages-browser)/./node_modules/next/dist/next-devtools/shared/forward-logs-shared.js:44
[   22770ms] [ERROR] Failed to load resource: the server responded with a status of 401 (Unauthorized) @ http://localhost:3000/api/bootstrap:0
[   22770ms] [ERROR] Failed to load resource: the server responded with a status of 401 (Unauthorized) @ http://localhost:3000/api/bootstrap:0
[   22773ms] [LOG] %c[Vercel Web Analytics]%c Debug mode is enabled by default in development. No requests will be sent to the server. color: rgb(120, 120, 120) color: inherit @ webpack-internal:///(app-pages-browser)/./node_modules/next/dist/next-devtools/shared/forward-logs-shared.js:44
[   22773ms] [LOG] %c[Vercel Web Analytics]%c [view] http://localhost:3000/tabs/profiles color: rgb(120, 120, 120) color: inherit {o: http://localhost:3000/tabs/profiles, sv: 0.1.3, sdkn: @vercel/analytics/react, sdkv: 2.0.1, ts: 1787548850691} /_vercel/insights/view @ webpack-internal:///(app-pages-browser)/./node_modules/next/dist/next-devtools/shared/forward-logs-shared.js:44
[   22866ms] [VERBOSE] [DOM] Input elements should have autocomplete attributes (suggested: "current-password"): (More info: https://goo.gl/9p2vKq) %o @ http://localhost:3000/tabs/profiles:0
[   25867ms] [WARNING] The resource http://localhost:3000/_next/static/media/6c25f6e897d845a3-s.p.woff2?v=1787548848406 was preloaded using link preload but not used within a few seconds from the window's load event. Please make sure it has an appropriate `as` value and it is preloaded intentionally. @ http://localhost:3000/tabs/profiles:0
[   25867ms] [WARNING] The resource http://localhost:3000/_next/static/media/36966cca54120369-s.p.woff2?v=1787548848406 was preloaded using link preload but not used within a few seconds from the window's load event. Please make sure it has an appropriate `as` value and it is preloaded intentionally. @ http://localhost:3000/tabs/profiles:0
[   33312ms] [ERROR] WebSocket connection to 'ws://localhost:3000/_next/hmr?id=vESDJEBk8Px5TERa5IoXs' failed:  @ webpack-internal:///(app-pages-browser)/./node_modules/next/dist/client/dev/hot-reloader/app/web-socket.js:59
[   34315ms] [ERROR] WebSocket connection to 'ws://localhost:3000/_next/hmr?id=vESDJEBk8Px5TERa5IoXs' failed: Error in connection establishment: net::ERR_CONNECTION_REFUSED @ webpack-internal:///(app-pages-browser)/./node_modules/next/dist/client/dev/hot-reloader/app/web-socket.js:59
[   35318ms] [ERROR] WebSocket connection to 'ws://localhost:3000/_next/hmr?id=vESDJEBk8Px5TERa5IoXs' failed: Error in connection establishment: net::ERR_CONNECTION_REFUSED @ webpack-internal:///(app-pages-browser)/./node_modules/next/dist/client/dev/hot-reloader/app/web-socket.js:59
[   36319ms] [ERROR] WebSocket connection to 'ws://localhost:3000/_next/hmr?id=vESDJEBk8Px5TERa5IoXs' failed: Error in connection establishment: net::ERR_CONNECTION_REFUSED @ webpack-internal:///(app-pages-browser)/./node_modules/next/dist/client/dev/hot-reloader/app/web-socket.js:59
[   37322ms] [ERROR] WebSocket connection to 'ws://localhost:3000/_next/hmr?id=vESDJEBk8Px5TERa5IoXs' failed: Error in connection establishment: net::ERR_CONNECTION_REFUSED @ webpack-internal:///(app-pages-browser)/./node_modules/next/dist/client/dev/hot-reloader/app/web-socket.js:59
[   38324ms] [ERROR] WebSocket connection to 'ws://localhost:3000/_next/hmr?id=vESDJEBk8Px5TERa5IoXs' failed: Error in connection establishment: net::ERR_CONNECTION_REFUSED @ webpack-internal:///(app-pages-browser)/./node_modules/next/dist/client/dev/hot-reloader/app/web-socket.js:59
[   43327ms] [ERROR] WebSocket connection to 'ws://localhost:3000/_next/hmr?id=vESDJEBk8Px5TERa5IoXs' failed: Error in connection establishment: net::ERR_CONNECTION_REFUSED @ webpack-internal:///(app-pages-browser)/./node_modules/next/dist/client/dev/hot-reloader/app/web-socket.js:59
[   48336ms] [ERROR] WebSocket connection to 'ws://localhost:3000/_next/hmr?id=vESDJEBk8Px5TERa5IoXs' failed: Error in connection establishment: net::ERR_CONNECTION_REFUSED @ webpack-internal:///(app-pages-browser)/./node_modules/next/dist/client/dev/hot-reloader/app/web-socket.js:59
[   53362ms] [ERROR] WebSocket connection to 'ws://localhost:3000/_next/hmr?id=vESDJEBk8Px5TERa5IoXs' failed: Error in connection establishment: net::ERR_CONNECTION_REFUSED @ webpack-internal:///(app-pages-browser)/./node_modules/next/dist/client/dev/hot-reloader/app/web-socket.js:59
[   58374ms] [ERROR] WebSocket connection to 'ws://localhost:3000/_next/hmr?id=vESDJEBk8Px5TERa5IoXs' failed: Error in connection establishment: net::ERR_CONNECTION_REFUSED @ webpack-internal:///(app-pages-browser)/./node_modules/next/dist/client/dev/hot-reloader/app/web-socket.js:59
[   63425ms] [ERROR] WebSocket connection to 'ws://localhost:3000/_next/hmr?id=vESDJEBk8Px5TERa5IoXs' failed: Error in connection establishment: net::ERR_CONNECTION_REFUSED @ webpack-internal:///(app-pages-browser)/./node_modules/next/dist/client/dev/hot-reloader/app/web-socket.js:59
[   68520ms] [ERROR] WebSocket connection to 'ws://localhost:3000/_next/hmr?id=vESDJEBk8Px5TERa5IoXs' failed: Error in connection establishment: net::ERR_CONNECTION_REFUSED @ webpack-internal:///(app-pages-browser)/./node_modules/next/dist/client/dev/hot-reloader/app/web-socket.js:59
[   73725ms] [ERROR] WebSocket connection to 'ws://localhost:3000/_next/hmr?id=vESDJEBk8Px5TERa5IoXs' failed: Error in connection establishment: net::ERR_CONNECTION_REFUSED @ webpack-internal:///(app-pages-browser)/./node_modules/next/dist/client/dev/hot-reloader/app/web-socket.js:59
[   73776ms] [ERROR] Failed to load resource: net::ERR_FAILED @ http://localhost:3000/favicon.ico:0
