[     141ms] [INFO] %cDownload the React DevTools for a better development experience: https://react.dev/link/react-devtools font-weight:bold @ http://localhost:3006/node_modules/.vite/deps/react-dom_client.js?v=d4f8bf3a:14335
[     249ms] Error: Hydration failed because the server rendered HTML didn't match the client. As a result this tree will be regenerated on the client. This can happen if a SSR-ed Client Component used:

- A server/client branch `if (typeof window !== 'undefined')`.
- Variable input such as `Date.now()` or `Math.random()` which changes each time it's called.
- Date formatting in a user's locale which doesn't match the server.
- External changing data without sending a snapshot of it along with the HTML.
- Invalid HTML tag nesting.

It can also happen if the client has a browser extension installed which messes with the HTML before React loaded.

https://react.dev/link/hydration-mismatch

  ...
    <SafeFragment fallback={function fallback}>
      <MatchInnerImpl match={{id:"__root__/", ...}}>
        <OutletImpl>
          <Suspense fallback={null}>
            <MatchImpl routeId="/grid/">
              <MatchView router={{...}} match={{id:"/grid/...", ...}}>
                <SafeFragment>
                  <SafeFragment fallback={null}>
                    <SafeFragment getResetKey={function getResetKey} errorComponent={undefined} ...>
                      <SafeFragment fallback={function fallback}>
                        <MatchInnerImpl match={{id:"/grid/...", ...}}>
                          <Lazy>
                            <GridPage>
                              <main
+                               className="m-auto flex max-w-full flex-1"
-                               className="screen-nav-host"
+                               data-tsd-source="/src/routes/grid/index.tsx:78:4"
-                               data-tsd-source="/src/routes/grid/index.tsx:90:3"
                              >
                                <div
+                                 className="flex flex-col items-center gap-4 p-8 text-center"
-                                 className="flex items-center justify-between px-4 py-2"
+                                 data-tsd-source="/src/routes/grid/index.tsx:79:5"
-                                 data-tsd-source="/src/routes/grid/index.tsx:91:4"
                                >
+                                 <h2
+                                   className="text-xl font-semibold"
+                                   data-tsd-source="/src/routes/grid/index.tsx:80:6"
+                                 >
-                                 <h1
-                                   className="text-lg font-semibold"
-                                   data-tsd-source="/src/routes/grid/index.tsx:92:5"
-                                 >
                                  ...

    at throwOnHydrationMismatch (http://localhost:3006/node_modules/.vite/deps/react-dom_client.js?v=d4f8bf3a:2968:51)
    at beginWork (http://localhost:3006/node_modules/.vite/deps/react-dom_client.js?v=d4f8bf3a:6200:914)
    at runWithFiberInDEV (http://localhost:3006/node_modules/.vite/deps/react-dom_client.js?v=d4f8bf3a:851:66)
    at performUnitOfWork (http://localhost:3006/node_modules/.vite/deps/react-dom_client.js?v=d4f8bf3a:8429:92)
    at workLoopSync (http://localhost:3006/node_modules/.vite/deps/react-dom_client.js?v=d4f8bf3a:8325:37)
    at renderRootSync (http://localhost:3006/node_modules/.vite/deps/react-dom_client.js?v=d4f8bf3a:8309:6)
    at performWorkOnRoot (http://localhost:3006/node_modules/.vite/deps/react-dom_client.js?v=d4f8bf3a:7957:181)
    at performWorkOnRootViaSchedulerTask (http://localhost:3006/node_modules/.vite/deps/react-dom_client.js?v=d4f8bf3a:9059:4)
    at MessagePort.performWorkUntilDeadline (http://localhost:3006/node_modules/.vite/deps/react-dom_client.js?v=d4f8bf3a:36:38)
[   79720ms] [LOG] %c[Server]%c color: #9333ea; font-weight: bold; color: inherit; 7:32:11 AM [vite] (client) hmr update /src/styles.css?direct, /src/routes/demo/ai-chat.css, /src/routes/grid/index.tsx, /src/routes/grid/index.tsx?tsr-split=component @ http://localhost:3006/src/routes/__root.tsx:259
[   79720ms] [LOG] %c[Server]%c color: #9333ea; font-weight: bold; color: inherit; 7:32:11 AM [vite] (ssr) page reload src/routes/grid/index.tsx @ http://localhost:3006/src/routes/__root.tsx:259
[   79720ms] [LOG] %c[Server]%c color: #9333ea; font-weight: bold; color: inherit; 7:32:11 AM [vite] (ssr) program reload @ http://localhost:3006/src/routes/__root.tsx:259
