[   17378ms] [ERROR] Failed to load resource: the server responded with a status of 404 () @ http://localhost:3001/favicon.ico:0
[   29913ms] [INFO] %cDownload the React DevTools for a better development experience: https://react.dev/link/react-devtools font-weight:bold @ http://localhost:3001/node_modules/.vite/deps/react-dom_client.js?v=7ee6f293:14335
[   42880ms] [ERROR] Failed to load resource: the server responded with a status of 400 () @ https://qebgamfpguacwmpxevvb.supabase.co/auth/v1/token?grant_type=password:0
[  164063ms] [LOG] %c[Server]%c color: #9333ea; font-weight: bold; color: inherit; 7:13:06 AM [vite] (ssr) program reload @ http://localhost:3001/src/routes/__root.tsx:259
[  165908ms] [INFO] %cDownload the React DevTools for a better development experience: https://react.dev/link/react-devtools font-weight:bold @ http://localhost:3001/node_modules/.vite/deps/react-dom_client.js?v=7ee6f293:14335
[  189357ms] [WARNING] %c[Server]%c color: #9333ea; font-weight: bold; color: inherit; Warning: A notFoundError was encountered on the route with ID "__root__", but a notFoundComponent option was not configured, nor was a router level defaultNotFoundComponent configured. Consider configuring at least one of these to avoid TanStack Router's overly generic defaultNotFoundComponent (<p>Not Found</p>) @ http://localhost:3001/src/routes/__root.tsx:259
[  189357ms] [WARNING] %c[Server]%c color: #9333ea; font-weight: bold; color: inherit; Warning: A notFoundError was encountered on the route with ID "__root__", but a notFoundComponent option was not configured, nor was a router level defaultNotFoundComponent configured. Consider configuring at least one of these to avoid TanStack Router's overly generic defaultNotFoundComponent (<p>Not Found</p>) @ http://localhost:3001/src/routes/__root.tsx:259
[  189357ms] [WARNING] %c[Server]%c color: #9333ea; font-weight: bold; color: inherit; Warning: A notFoundError was encountered on the route with ID "__root__", but a notFoundComponent option was not configured, nor was a router level defaultNotFoundComponent configured. Consider configuring at least one of these to avoid TanStack Router's overly generic defaultNotFoundComponent (<p>Not Found</p>) @ http://localhost:3001/src/routes/__root.tsx:259
[  205180ms] [LOG] %c[Server]%c color: #9333ea; font-weight: bold; color: inherit; 7:13:47 AM [vite] (client) hmr update /src/styles.css?direct, /src/routes/demo/ai-chat.css, /src/routes/auth/sign-in/index.tsx, /src/routes/auth/sign-in/index.tsx?tsr-split=component @ http://localhost:3001/src/routes/__root.tsx:259
[  205181ms] [LOG] %c[Server]%c color: #9333ea; font-weight: bold; color: inherit; 7:13:47 AM [vite] (ssr) page reload src/routes/auth/sign-in/index.tsx @ http://localhost:3001/src/routes/__root.tsx:259
[  205181ms] [LOG] %c[Server]%c color: #9333ea; font-weight: bold; color: inherit; 7:13:47 AM [vite] (ssr) program reload @ http://localhost:3001/src/routes/__root.tsx:259
[  209202ms] [WARNING] %c[Server]%c color: #9333ea; font-weight: bold; color: inherit; Warning: A notFoundError was encountered on the route with ID "__root__", but a notFoundComponent option was not configured, nor was a router level defaultNotFoundComponent configured. Consider configuring at least one of these to avoid TanStack Router's overly generic defaultNotFoundComponent (<p>Not Found</p>) @ http://localhost:3001/src/routes/__root.tsx:259
[  224100ms] [LOG] %c[Server]%c color: #9333ea; font-weight: bold; color: inherit; 7:14:06 AM [vite] (client) hmr update /src/styles.css?direct, /src/routes/demo/ai-chat.css, /src/routes/auth/sign-up/index.tsx @ http://localhost:3001/src/routes/__root.tsx:259
[  224100ms] [LOG] %c[Server]%c color: #9333ea; font-weight: bold; color: inherit; 7:14:06 AM [vite] (ssr) page reload src/routes/auth/sign-up/index.tsx @ http://localhost:3001/src/routes/__root.tsx:259
[  224100ms] [LOG] %c[Server]%c color: #9333ea; font-weight: bold; color: inherit; 7:14:06 AM [vite] (ssr) program reload @ http://localhost:3001/src/routes/__root.tsx:259
[  258926ms] [INFO] %c[Server]%c color: #9333ea; font-weight: bold; color: inherit; File /Users/cb/Downloads/FYK-TANSTACK/src/routeTree.gen.ts was modified by another process during processing. @ http://localhost:3001/src/routes/__root.tsx:259
[  258926ms] [LOG] %c[Server]%c color: #9333ea; font-weight: bold; color: inherit; 7:14:41 AM [vite] (client) page reload src/routeTree.gen.ts @ http://localhost:3001/src/routes/__root.tsx:259
[  258926ms] [LOG] %c[Server]%c color: #9333ea; font-weight: bold; color: inherit; 7:14:41 AM [vite] (ssr) page reload src/routeTree.gen.ts @ http://localhost:3001/src/routes/__root.tsx:259
[  259116ms] [LOG] %c[Server]%c color: #9333ea; font-weight: bold; color: inherit; 7:14:41 AM [vite] (client) page reload src/routeTree.gen.ts @ http://localhost:3001/src/routes/__root.tsx:259
[  259116ms] [LOG] %c[Server]%c color: #9333ea; font-weight: bold; color: inherit; 7:14:41 AM [vite] (ssr) page reload src/routeTree.gen.ts @ http://localhost:3001/src/routes/__root.tsx:259
[  259116ms] [LOG] %c[Server]%c color: #9333ea; font-weight: bold; color: inherit; 7:14:41 AM [vite] (ssr) program reload @ http://localhost:3001/src/routes/__root.tsx:259
[  259116ms] [ERROR] %c[Server]%c color: #9333ea; font-weight: bold; color: inherit; {name: HTTPError, message: Cannot find module '@better-auth/core/env' importe…a2fd/node_modules/better-auth/dist/utils/url.mjs', stack: Error: Cannot find module '@better-auth/core/env' …_modules/vite/dist/node/module-runner.js:1213:28)} @ http://localhost:3001/src/routes/__root.tsx:259
[  259182ms] [ERROR] Failed to load resource: the server responded with a status of 500 (Internal Server Error) @ http://localhost:3001/auth/sign-in:0
