[     660ms] [INFO] %cDownload the React DevTools for a better development experience: https://react.dev/link/react-devtools font-weight:bold @ webpack-internal:///(app-pages-browser)/./node_modules/next/dist/next-devtools/shared/forward-logs-shared.js:44
[     736ms] [LOG] [HMR] connected @ webpack-internal:///(app-pages-browser)/./node_modules/next/dist/next-devtools/shared/forward-logs-shared.js:44
[     797ms] [ERROR] Failed to load resource: the server responded with a status of 401 (Unauthorized) @ http://localhost:3000/api/bootstrap:0
[     797ms] [ERROR] Failed to load resource: the server responded with a status of 401 (Unauthorized) @ http://localhost:3000/api/bootstrap:0
[     805ms] [LOG] %c[Vercel Web Analytics]%c Debug mode is enabled by default in development. No requests will be sent to the server. color: rgb(120, 120, 120) color: inherit @ webpack-internal:///(app-pages-browser)/./node_modules/next/dist/next-devtools/shared/forward-logs-shared.js:44
[     805ms] [LOG] %c[Vercel Web Analytics]%c [view] http://localhost:3000/tabs/profiles color: rgb(120, 120, 120) color: inherit {o: http://localhost:3000/tabs/profiles, sv: 0.1.3, sdkn: @vercel/analytics/react, sdkv: 2.0.1, ts: 1787547829404} /_vercel/insights/view @ webpack-internal:///(app-pages-browser)/./node_modules/next/dist/next-devtools/shared/forward-logs-shared.js:44
[     889ms] [VERBOSE] [DOM] Input elements should have autocomplete attributes (suggested: "current-password"): (More info: https://goo.gl/9p2vKq) %o @ http://localhost:3000/tabs/profiles:0
[    2369ms] [LOG] [Fast Refresh] rebuilding @ webpack-internal:///(app-pages-browser)/./node_modules/next/dist/next-devtools/shared/forward-logs-shared.js:44
[    3843ms] [WARNING] The resource http://localhost:3000/_next/static/media/36966cca54120369-s.p.woff2?v=1787547828639 was preloaded using link preload but not used within a few seconds from the window's load event. Please make sure it has an appropriate `as` value and it is preloaded intentionally. @ http://localhost:3000/tabs/profiles:0
[    3843ms] [WARNING] The resource http://localhost:3000/_next/static/media/6c25f6e897d845a3-s.p.woff2?v=1787547828639 was preloaded using link preload but not used within a few seconds from the window's load event. Please make sure it has an appropriate `as` value and it is preloaded intentionally. @ http://localhost:3000/tabs/profiles:0
[    7674ms] [ERROR] WebSocket connection to 'ws://localhost:3000/_next/hmr?id=ymlxftuB7G1YjQcB0SpJQ' failed:  @ webpack-internal:///(app-pages-browser)/./node_modules/next/dist/client/dev/hot-reloader/app/web-socket.js:59
[    7960ms] [WARNING] The resource http://localhost:3000/_next/static/media/36966cca54120369-s.p.woff2?v=1787547828639 was preloaded using link preload but not used within a few seconds from the window's load event. Please make sure it has an appropriate `as` value and it is preloaded intentionally. @ http://localhost:3000/tabs/profiles:0
[    7960ms] [WARNING] The resource http://localhost:3000/_next/static/media/6c25f6e897d845a3-s.p.woff2?v=1787547828639 was preloaded using link preload but not used within a few seconds from the window's load event. Please make sure it has an appropriate `as` value and it is preloaded intentionally. @ http://localhost:3000/tabs/profiles:0
[    8678ms] [ERROR] WebSocket connection to 'ws://localhost:3000/_next/hmr?id=ymlxftuB7G1YjQcB0SpJQ' failed: Error in connection establishment: net::ERR_CONNECTION_REFUSED @ webpack-internal:///(app-pages-browser)/./node_modules/next/dist/client/dev/hot-reloader/app/web-socket.js:59
[    9680ms] [ERROR] WebSocket connection to 'ws://localhost:3000/_next/hmr?id=ymlxftuB7G1YjQcB0SpJQ' failed: Error in connection establishment: net::ERR_CONNECTION_REFUSED @ webpack-internal:///(app-pages-browser)/./node_modules/next/dist/client/dev/hot-reloader/app/web-socket.js:59
[   10681ms] [ERROR] WebSocket connection to 'ws://localhost:3000/_next/hmr?id=ymlxftuB7G1YjQcB0SpJQ' failed: Error in connection establishment: net::ERR_CONNECTION_REFUSED @ webpack-internal:///(app-pages-browser)/./node_modules/next/dist/client/dev/hot-reloader/app/web-socket.js:59
[   11684ms] [ERROR] WebSocket connection to 'ws://localhost:3000/_next/hmr?id=ymlxftuB7G1YjQcB0SpJQ' failed: Error in connection establishment: net::ERR_CONNECTION_REFUSED @ webpack-internal:///(app-pages-browser)/./node_modules/next/dist/client/dev/hot-reloader/app/web-socket.js:59
[   12687ms] [ERROR] WebSocket connection to 'ws://localhost:3000/_next/hmr?id=ymlxftuB7G1YjQcB0SpJQ' failed: Error in connection establishment: net::ERR_CONNECTION_REFUSED @ webpack-internal:///(app-pages-browser)/./node_modules/next/dist/client/dev/hot-reloader/app/web-socket.js:59
[   22617ms] [ERROR] WebSocket connection to 'ws://localhost:3000/_next/hmr?id=ymlxftuB7G1YjQcB0SpJQ' failed: Connection closed before receiving a handshake response @ webpack-internal:///(app-pages-browser)/./node_modules/next/dist/client/dev/hot-reloader/app/web-socket.js:59
[   27626ms] [ERROR] WebSocket connection to 'ws://localhost:3000/_next/hmr?id=ymlxftuB7G1YjQcB0SpJQ' failed: Error in connection establishment: net::ERR_CONNECTION_REFUSED @ webpack-internal:///(app-pages-browser)/./node_modules/next/dist/client/dev/hot-reloader/app/web-socket.js:59
[   30165ms] [ERROR] Failed to load resource: net::ERR_CONNECTION_REFUSED @ http://localhost:3000/api/auth/login:0
[   32639ms] [ERROR] WebSocket connection to 'ws://localhost:3000/_next/hmr?id=ymlxftuB7G1YjQcB0SpJQ' failed: Error in connection establishment: net::ERR_CONNECTION_REFUSED @ webpack-internal:///(app-pages-browser)/./node_modules/next/dist/client/dev/hot-reloader/app/web-socket.js:59
[   33165ms] [WARNING] The resource http://localhost:3000/_next/static/media/36966cca54120369-s.p.woff2?v=1787547828639 was preloaded using link preload but not used within a few seconds from the window's load event. Please make sure it has an appropriate `as` value and it is preloaded intentionally. @ http://localhost:3000/tabs/profiles:0
[   33165ms] [WARNING] The resource http://localhost:3000/_next/static/media/6c25f6e897d845a3-s.p.woff2?v=1787547828639 was preloaded using link preload but not used within a few seconds from the window's load event. Please make sure it has an appropriate `as` value and it is preloaded intentionally. @ http://localhost:3000/tabs/profiles:0
[   37658ms] [ERROR] WebSocket connection to 'ws://localhost:3000/_next/hmr?id=ymlxftuB7G1YjQcB0SpJQ' failed: Error in connection establishment: net::ERR_CONNECTION_REFUSED @ webpack-internal:///(app-pages-browser)/./node_modules/next/dist/client/dev/hot-reloader/app/web-socket.js:59
[   42717ms] [ERROR] WebSocket connection to 'ws://localhost:3000/_next/hmr?id=ymlxftuB7G1YjQcB0SpJQ' failed: Error in connection establishment: net::ERR_CONNECTION_REFUSED @ webpack-internal:///(app-pages-browser)/./node_modules/next/dist/client/dev/hot-reloader/app/web-socket.js:59
[   47791ms] [ERROR] WebSocket connection to 'ws://localhost:3000/_next/hmr?id=ymlxftuB7G1YjQcB0SpJQ' failed: Error in connection establishment: net::ERR_CONNECTION_REFUSED @ webpack-internal:///(app-pages-browser)/./node_modules/next/dist/client/dev/hot-reloader/app/web-socket.js:59
[   48340ms] [LOG] %c[Vercel Web Analytics]%c [view] http://localhost:3000/tabs/chat color: rgb(120, 120, 120) color: inherit {o: http://localhost:3000/tabs/chat, sv: 0.1.3, sdkn: @vercel/analytics/react, sdkv: 2.0.1, ts: 1787547876931} /_vercel/insights/view @ webpack-internal:///(app-pages-browser)/./node_modules/next/dist/next-devtools/shared/forward-logs-shared.js:44
[   48345ms] [ERROR] Failed to load resource: net::ERR_FAILED @ http://localhost:3000/_next/static/chunks/_app-pages-browser_src_components_fyk_views_chat_tsx.js:0
[   48345ms] [ERROR] WebSocket is already in CLOSING or CLOSED state. @ webpack-internal:///(app-pages-browser)/./node_modules/next/dist/next-devtools/userspace/app/forward-logs.js:93
[   48371ms] [ERROR] Failed to load resource: net::ERR_FAILED @ http://localhost:3000/_next/static/chunks/_app-pages-browser_src_components_fyk_views_matches_tsx.js:0
[   48383ms] ChunkLoadError: Loading chunk _app-pages-browser_src_components_fyk_views_matches_tsx failed.
(error: http://localhost:3000/_next/static/chunks/_app-pages-browser_src_components_fyk_views_matches_tsx.js)
    at __webpack_require__.f.j (http://localhost:3000/_next/static/chunks/webpack.js?v=1787547828639:865:29)
    at http://localhost:3000/_next/static/chunks/webpack.js?v=1787547828639:145:40
    at Array.reduce (<anonymous>)
    at __webpack_require__.e (http://localhost:3000/_next/static/chunks/webpack.js?v=1787547828639:144:67)
    at fn.e (http://localhost:3000/_next/static/chunks/webpack.js?v=1787547828639:381:50)
    at eval (webpack-internal:///(app-pages-browser)/./src/lib/view-registry.tsx:48:50)
    at Object.load (webpack-internal:///(app-pages-browser)/./src/lib/view-registry.tsx:32:19)
    at eval (webpack-internal:///(app-pages-browser)/./src/lib/view-registry.tsx:307:20)
    at requestIdleCallback.timeout.timeout (webpack-internal:///(app-pages-browser)/./src/lib/view-registry.tsx:281:13)
[   48372ms] [ERROR] Failed to load resource: net::ERR_FAILED @ http://localhost:3000/_next/static/chunks/_app-pages-browser_src_components_fyk_views_notifications_tsx.js:0
[   48384ms] ChunkLoadError: Loading chunk _app-pages-browser_src_components_fyk_views_notifications_tsx failed.
(error: http://localhost:3000/_next/static/chunks/_app-pages-browser_src_components_fyk_views_notifications_tsx.js)
    at __webpack_require__.f.j (http://localhost:3000/_next/static/chunks/webpack.js?v=1787547828639:865:29)
    at http://localhost:3000/_next/static/chunks/webpack.js?v=1787547828639:145:40
    at Array.reduce (<anonymous>)
    at __webpack_require__.e (http://localhost:3000/_next/static/chunks/webpack.js?v=1787547828639:144:67)
    at fn.e (http://localhost:3000/_next/static/chunks/webpack.js?v=1787547828639:381:50)
    at eval (webpack-internal:///(app-pages-browser)/./src/lib/view-registry.tsx:116:58)
    at Object.load (webpack-internal:///(app-pages-browser)/./src/lib/view-registry.tsx:32:19)
    at eval (webpack-internal:///(app-pages-browser)/./src/lib/view-registry.tsx:307:20)
    at requestIdleCallback.timeout.timeout (webpack-internal:///(app-pages-browser)/./src/lib/view-registry.tsx:281:13)
[   48383ms] [ERROR] Failed to load resource: net::ERR_CONNECTION_REFUSED @ http://localhost:3000/__nextjs_original-stack-frames:0
[   48383ms] [ERROR] WebSocket is already in CLOSING or CLOSED state. @ webpack-internal:///(app-pages-browser)/./node_modules/next/dist/next-devtools/userspace/app/forward-logs.js:93
[   48389ms] [ERROR] Failed to load resource: net::ERR_CONNECTION_REFUSED @ http://localhost:3000/__nextjs_original-stack-frames:0
[   48626ms] [ERROR] %o

%s ChunkLoadError: Loading chunk _app-pages-browser_src_components_fyk_views_chat_tsx failed.
(error: http://localhost:3000/_next/static/chunks/_app-pages-browser_src_components_fyk_views_chat_tsx.js)
    at __webpack_require__.f.j (http://localhost:3000/_next/static/chunks/webpack.js?v=1787547828639:865:29)
    at http://localhost:3000/_next/static/chunks/webpack.js?v=1787547828639:145:40
    at Array.reduce (<anonymous>)
    at __webpack_require__.e (http://localhost:3000/_next/static/chunks/webpack.js?v=1787547828639:144:67)
    at fn.e (http://localhost:3000/_next/static/chunks/webpack.js?v=1787547828639:381:50)
    at eval (webpack-internal:///(app-pages-browser)/./src/lib/view-registry.tsx:47:47)
    at Object.load (webpack-internal:///(app-pages-browser)/./src/lib/view-registry.tsx:32:19)
    at LazyComponent.loading.viewName [as loader] (webpack-internal:///(app-pages-browser)/./src/lib/view-registry.tsx:185:94)
    at eval (webpack-internal:///(app-pages-browser)/./node_modules/next/dist/shared/lib/lazy-dynamic/loadable.js:40:58)
    at lazyInitializer (webpack-internal:///(app-pages-browser)/./node_modules/next/dist/compiled/react/cjs/react.development.js:476:24)
    at Object.react_stack_bottom_frame (webpack-internal:///(app-pages-browser)/./node_modules/next/dist/compiled/react-dom/cjs/react-dom-client.development.js:28468:18)
    at resolveLazy (webpack-internal:///(app-pages-browser)/./node_modules/next/dist/compiled/react-dom/cjs/react-dom-client.development.js:6332:16)
    at beginWork (webpack-internal:///(app-pages-browser)/./node_modules/next/dist/compiled/react-dom/cjs/react-dom-client.development.js:12071:24)
    at runWithFiberInDEV (webpack-internal:///(app-pages-browser)/./node_modules/next/dist/compiled/react-dom/cjs/react-dom-client.development.js:1028:30)
    at performUnitOfWork (webpack-internal:///(app-pages-browser)/./node_modules/next/dist/compiled/react-dom/cjs/react-dom-client.development.js:19066:22)
    at workLoopSync (webpack-internal:///(app-pages-browser)/./node_modules/next/dist/compiled/react-dom/cjs/react-dom-client.development.js:18894:41)
    at renderRootSync (webpack-internal:///(app-pages-browser)/./node_modules/next/dist/compiled/react-dom/cjs/react-dom-client.development.js:18875:11)
    at performWorkOnRoot (webpack-internal:///(app-pages-browser)/./node_modules/next/dist/compiled/react-dom/cjs/react-dom-client.development.js:17898:11)
    at performSyncWorkOnRoot (webpack-internal:///(app-pages-browser)/./node_modules/next/dist/compiled/react-dom/cjs/react-dom-client.development.js:20570:7)
    at flushSyncWorkAcrossRoots_impl (webpack-internal:///(app-pages-browser)/./node_modules/next/dist/compiled/react-dom/cjs/react-dom-client.development.js:20412:21)
    at processRootScheduleInMicrotask (webpack-internal:///(app-pages-browser)/./node_modules/next/dist/compiled/react-dom/cjs/react-dom-client.development.js:20451:9)
    at eval (webpack-internal:///(app-pages-browser)/./node_modules/next/dist/compiled/react-dom/cjs/react-dom-client.development.js:20589:13) The above error occurred in the <Lazy> component. It was handled by the <ViewErrorBoundary> error boundary. @ webpack-internal:///(app-pages-browser)/./node_modules/next/dist/client/react-client-callbacks/error-boundary-callbacks.js:64
[   48627ms] [ERROR] ViewErrorBoundary caught error {err: ChunkLoadError: Loading chunk _app-pages-browser_src_components_fyk_views_chat_tsx failed.
(error: …, viewName: chat, componentStack: 
    at Lazy (<anonymous>)
    at BailoutToCSR (we…ode_modules/next/dist/client/app-index.js:216:17), digest: undefined} @ webpack-internal:///(app-pages-browser)/./node_modules/next/dist/next-devtools/userspace/app/errors/intercept-console-error.js:57
[   48634ms] [ERROR] Failed to load resource: net::ERR_CONNECTION_REFUSED @ http://localhost:3000/__nextjs_original-stack-frames:0
[   48634ms] [ERROR] Failed to load resource: net::ERR_CONNECTION_REFUSED @ http://localhost:3000/__nextjs_original-stack-frames:0
[   48634ms] [ERROR] WebSocket is already in CLOSING or CLOSED state. @ webpack-internal:///(app-pages-browser)/./node_modules/next/dist/next-devtools/userspace/app/forward-logs.js:93
[   51635ms] [WARNING] The resource http://localhost:3000/_next/static/media/36966cca54120369-s.p.woff2?v=1787547828639 was preloaded using link preload but not used within a few seconds from the window's load event. Please make sure it has an appropriate `as` value and it is preloaded intentionally. @ http://localhost:3000/tabs/chat:0
[   51635ms] [WARNING] The resource http://localhost:3000/_next/static/media/6c25f6e897d845a3-s.p.woff2?v=1787547828639 was preloaded using link preload but not used within a few seconds from the window's load event. Please make sure it has an appropriate `as` value and it is preloaded intentionally. @ http://localhost:3000/tabs/chat:0
[   52975ms] [ERROR] WebSocket connection to 'ws://localhost:3000/_next/hmr?id=ymlxftuB7G1YjQcB0SpJQ' failed: Error in connection establishment: net::ERR_CONNECTION_REFUSED @ webpack-internal:///(app-pages-browser)/./node_modules/next/dist/client/dev/hot-reloader/app/web-socket.js:59
[   53017ms] [ERROR] Failed to load resource: net::ERR_FAILED @ http://localhost:3000/favicon.ico:0
