[      84ms] [VERBOSE] [DOM] Input elements should have autocomplete attributes (suggested: "current-password"): (More info: https://goo.gl/9p2vKq) %o @ http://localhost:3006/auth/sign-in:0
[     229ms] [INFO] %cDownload the React DevTools for a better development experience: https://react.dev/link/react-devtools font-weight:bold @ http://localhost:3006/node_modules/.vite/deps/react-dom_client.js?v=da3fae39:14335
[  155753ms] [LOG] %c[Server]%c color: #9333ea; font-weight: bold; color: inherit; 7:26:38 AM [vite] (client) hmr update /src/styles.css?direct, /src/routes/demo/ai-chat.css, /src/routes/grid/index.tsx, /src/routes/grid/index.tsx?tsr-split=component @ http://localhost:3006/src/routes/__root.tsx:259
[  155753ms] [LOG] %c[Server]%c color: #9333ea; font-weight: bold; color: inherit; 7:26:38 AM [vite] (ssr) page reload src/domains/grid/service.ts @ http://localhost:3006/src/routes/__root.tsx:259
[  155753ms] [LOG] %c[Server]%c color: #9333ea; font-weight: bold; color: inherit; 7:26:38 AM [vite] (ssr) program reload @ http://localhost:3006/src/routes/__root.tsx:259
[  155753ms] [ERROR] Failed to load resource: the server responded with a status of 500 (Internal Server Error) @ http://localhost:3006/src/domains/grid/service.ts?t=1787549198445:0
[  155754ms] [ERROR] [vite] Failed to reload /src/routes/grid/index.tsx. This could be due to syntax errors or importing non-existent modules. (see errors above) @ http://localhost:3006/src/routes/__root.tsx:193
[  155754ms] [ERROR] [vite] Failed to reload /src/routes/grid/index.tsx?tsr-split=component. This could be due to syntax errors or importing non-existent modules. (see errors above) @ http://localhost:3006/src/routes/__root.tsx:193
[  155796ms] [ERROR] %c[Server]%c color: #9333ea; font-weight: bold; color: inherit; 7:26:38 AM [vite] Internal server error: Failed to resolve import "#/core/api/supabase/index" from "src/domains/grid/service.ts". Does the file exist?
  Plugin: vite:import-analysis
  File: http://localhost:3006/__tsd/open-source?source=%2FUsers%2Fcb%2FDownloads%2FFYK-TANSTACK%2Fsrc%2Fdomains%2Fgrid%2Fservice.ts%3A100%3A43
  30 |  	// Try Supabase first, fall back to demo data
  31 |  	try {
  32 |  		const { getGridProfiles } = await import("#/core/api/supabase/index");
     |                                             ^
  33 |  		const params = new URLSearchParams();
  34 |  		if (query.nearbyGeoHash) params.set("nearbyGeoHash", query.nearbyGeoHash);
      at TransformPluginContext._formatLog (file:http://localhost:3006/__tsd/open-source?source=%2F%2F%2FUsers%2Fcb%2FDownloads%2FFYK-TANSTACK%2Fnode_modules%2F.pnpm%2Fvite%408.2.2_%40types%2Bnode%4022.20.1_esbuild%400.28.2_jiti%402.7.0_tsx%404.23.12%2Fnode_modules%2Fvite%2Fdist%2Fnode%2Fchunks%2Fnode.js%3A31147%3A39)
      at TransformPluginContext.error (file:http://localhost:3006/__tsd/open-source?source=%2F%2F%2FUsers%2Fcb%2FDownloads%2FFYK-TANSTACK%2Fnode_modules%2F.pnpm%2Fvite%408.2.2_%40types%2Bnode%4022.20.1_esbuild%400.28.2_jiti%402.7.0_tsx%404.23.12%2Fnode_modules%2Fvite%2Fdist%2Fnode%2Fchunks%2Fnode.js%3A31144%3A14)
      at normalizeUrl (file:http://localhost:3006/__tsd/open-source?source=%2F%2F%2FUsers%2Fcb%2FDownloads%2FFYK-TANSTACK%2Fnode_modules%2F.pnpm%2Fvite%408.2.2_%40types%2Bnode%4022.20.1_esbuild%400.28.2_jiti%402.7.0_tsx%404.23.12%2Fnode_modules%2Fvite%2Fdist%2Fnode%2Fchunks%2Fnode.js%3A28083%3A18)
      at async file:http://localhost:3006/__tsd/open-source?source=%2F%2F%2FUsers%2Fcb%2FDownloads%2FFYK-TANSTACK%2Fnode_modules%2F.pnpm%2Fvite%408.2.2_%40types%2Bnode%4022.20.1_esbuild%400.28.2_jiti%402.7.0_tsx%404.23.12%2Fnode_modules%2Fvite%2Fdist%2Fnode%2Fchunks%2Fnode.js%3A28153%3A30
      at async Promise.all (index 1)
      at async TransformPluginContext.transform (file:http://localhost:3006/__tsd/open-source?source=%2F%2F%2FUsers%2Fcb%2FDownloads%2FFYK-TANSTACK%2Fnode_modules%2F.pnpm%2Fvite%408.2.2_%40types%2Bnode%4022.20.1_esbuild%400.28.2_jiti%402.7.0_tsx%404.23.12%2Fnode_modules%2Fvite%2Fdist%2Fnode%2Fchunks%2Fnode.js%3A28119%3A4)
      at async EnvironmentPluginContainer.transform (file:http://localhost:3006/__tsd/open-source?source=%2F%2F%2FUsers%2Fcb%2FDownloads%2FFYK-TANSTACK%2Fnode_modules%2F.pnpm%2Fvite%408.2.2_%40types%2Bnode%4022.20.1_esbuild%400.28.2_jiti%402.7.0_tsx%404.23.12%2Fnode_modules%2Fvite%2Fdist%2Fnode%2Fchunks%2Fnode.js%3A30932%3A14)
      at async loadAndTransform (file:http://localhost:3006/__tsd/open-source?source=%2F%2F%2FUsers%2Fcb%2FDownloads%2FFYK-TANSTACK%2Fnode_modules%2F.pnpm%2Fvite%408.2.2_%40types%2Bnode%4022.20.1_esbuild%400.28.2_jiti%402.7.0_tsx%404.23.12%2Fnode_modules%2Fvite%2Fdist%2Fnode%2Fchunks%2Fnode.js%3A20671%3A26) @ http://localhost:3006/src/routes/__root.tsx:259
[  155796ms] [ERROR] %c[Server]%c color: #9333ea; font-weight: bold; color: inherit; 7:26:38 AM [vite] (client) Pre-transform error: Failed to resolve import "#/core/api/supabase/index" from "src/domains/grid/service.ts". Does the file exist?
  Plugin: vite:import-analysis
  File: http://localhost:3006/__tsd/open-source?source=%2FUsers%2Fcb%2FDownloads%2FFYK-TANSTACK%2Fsrc%2Fdomains%2Fgrid%2Fservice.ts%3A100%3A43
  30 |  	// Try Supabase first, fall back to demo data
  31 |  	try {
  32 |  		const { getGridProfiles } = await import("#/core/api/supabase/index");
     |                                             ^
  33 |  		const params = new URLSearchParams();
  34 |  		if (query.nearbyGeoHash) params.set("nearbyGeoHash", query.nearbyGeoHash); @ http://localhost:3006/src/routes/__root.tsx:259
[  155826ms] [ERROR] Failed to load resource: the server responded with a status of 500 (Internal Server Error) @ http://localhost:3006/src/domains/grid/service.ts?t=1787549198681:0
[  155827ms] [ERROR] [vite] Failed to reload /src/routes/grid/index.tsx. This could be due to syntax errors or importing non-existent modules. (see errors above) @ http://localhost:3006/src/routes/__root.tsx:193
[  155827ms] [ERROR] [vite] Failed to reload /src/routes/grid/index.tsx?tsr-split=component. This could be due to syntax errors or importing non-existent modules. (see errors above) @ http://localhost:3006/src/routes/__root.tsx:193
[  156130ms] [LOG] %c[Server]%c color: #9333ea; font-weight: bold; color: inherit; 7:26:38 AM [vite] (client) hmr update /src/routes/grid/index.tsx, /src/routes/grid/index.tsx?tsr-split=component @ http://localhost:3006/src/routes/__root.tsx:259
[  156130ms] [ERROR] %c[Server]%c color: #9333ea; font-weight: bold; color: inherit; 7:26:38 AM [vite] Internal server error: Failed to resolve import "#/core/api/supabase/index" from "src/domains/grid/service.ts". Does the file exist?
  Plugin: vite:import-analysis
  File: http://localhost:3006/__tsd/open-source?source=%2FUsers%2Fcb%2FDownloads%2FFYK-TANSTACK%2Fsrc%2Fdomains%2Fgrid%2Fservice.ts%3A100%3A43
  30 |  	// Try Supabase first, fall back to demo data
  31 |  	try {
  32 |  		const { getGridProfiles } = await import("#/core/api/supabase/index");
     |                                             ^
  33 |  		const params = new URLSearchParams();
  34 |  		if (query.nearbyGeoHash) params.set("nearbyGeoHash", query.nearbyGeoHash);
      at TransformPluginContext._formatLog (file:http://localhost:3006/__tsd/open-source?source=%2F%2F%2FUsers%2Fcb%2FDownloads%2FFYK-TANSTACK%2Fnode_modules%2F.pnpm%2Fvite%408.2.2_%40types%2Bnode%4022.20.1_esbuild%400.28.2_jiti%402.7.0_tsx%404.23.12%2Fnode_modules%2Fvite%2Fdist%2Fnode%2Fchunks%2Fnode.js%3A31147%3A39)
      at TransformPluginContext.error (file:http://localhost:3006/__tsd/open-source?source=%2F%2F%2FUsers%2Fcb%2FDownloads%2FFYK-TANSTACK%2Fnode_modules%2F.pnpm%2Fvite%408.2.2_%40types%2Bnode%4022.20.1_esbuild%400.28.2_jiti%402.7.0_tsx%404.23.12%2Fnode_modules%2Fvite%2Fdist%2Fnode%2Fchunks%2Fnode.js%3A31144%3A14)
      at normalizeUrl (file:http://localhost:3006/__tsd/open-source?source=%2F%2F%2FUsers%2Fcb%2FDownloads%2FFYK-TANSTACK%2Fnode_modules%2F.pnpm%2Fvite%408.2.2_%40types%2Bnode%4022.20.1_esbuild%400.28.2_jiti%402.7.0_tsx%404.23.12%2Fnode_modules%2Fvite%2Fdist%2Fnode%2Fchunks%2Fnode.js%3A28083%3A18)
      at async file:http://localhost:3006/__tsd/open-source?source=%2F%2F%2FUsers%2Fcb%2FDownloads%2FFYK-TANSTACK%2Fnode_modules%2F.pnpm%2Fvite%408.2.2_%40types%2Bnode%4022.20.1_esbuild%400.28.2_jiti%402.7.0_tsx%404.23.12%2Fnode_modules%2Fvite%2Fdist%2Fnode%2Fchunks%2Fnode.js%3A28153%3A30
      at async Promise.all (index 1)
      at async TransformPluginContext.transform (file:http://localhost:3006/__tsd/open-source?source=%2F%2F%2FUsers%2Fcb%2FDownloads%2FFYK-TANSTACK%2Fnode_modules%2F.pnpm%2Fvite%408.2.2_%40types%2Bnode%4022.20.1_esbuild%400.28.2_jiti%402.7.0_tsx%404.23.12%2Fnode_modules%2Fvite%2Fdist%2Fnode%2Fchunks%2Fnode.js%3A28119%3A4)
      at async EnvironmentPluginContainer.transform (file:http://localhost:3006/__tsd/open-source?source=%2F%2F%2FUsers%2Fcb%2FDownloads%2FFYK-TANSTACK%2Fnode_modules%2F.pnpm%2Fvite%408.2.2_%40types%2Bnode%4022.20.1_esbuild%400.28.2_jiti%402.7.0_tsx%404.23.12%2Fnode_modules%2Fvite%2Fdist%2Fnode%2Fchunks%2Fnode.js%3A30932%3A14)
      at async loadAndTransform (file:http://localhost:3006/__tsd/open-source?source=%2F%2F%2FUsers%2Fcb%2FDownloads%2FFYK-TANSTACK%2Fnode_modules%2F.pnpm%2Fvite%408.2.2_%40types%2Bnode%4022.20.1_esbuild%400.28.2_jiti%402.7.0_tsx%404.23.12%2Fnode_modules%2Fvite%2Fdist%2Fnode%2Fchunks%2Fnode.js%3A20671%3A26) @ http://localhost:3006/src/routes/__root.tsx:259
[  156130ms] [ERROR] %c[Server]%c color: #9333ea; font-weight: bold; color: inherit; 7:26:38 AM [vite] (client) Pre-transform error: Failed to resolve import "#/core/api/supabase/index" from "src/domains/grid/service.ts". Does the file exist?
  Plugin: vite:import-analysis
  File: http://localhost:3006/__tsd/open-source?source=%2FUsers%2Fcb%2FDownloads%2FFYK-TANSTACK%2Fsrc%2Fdomains%2Fgrid%2Fservice.ts%3A100%3A43
  30 |  	// Try Supabase first, fall back to demo data
  31 |  	try {
  32 |  		const { getGridProfiles } = await import("#/core/api/supabase/index");
     |                                             ^
  33 |  		const params = new URLSearchParams();
  34 |  		if (query.nearbyGeoHash) params.set("nearbyGeoHash", query.nearbyGeoHash); @ http://localhost:3006/src/routes/__root.tsx:259
[  161241ms] [ERROR] Failed to load resource: the server responded with a status of 500 (Internal Server Error) @ http://localhost:3006/src/domains/grid/service.ts?t=1787549204076:0
[  161241ms] [ERROR] [vite] Failed to reload /src/routes/grid/index.tsx. This could be due to syntax errors or importing non-existent modules. (see errors above) @ http://localhost:3006/src/routes/__root.tsx:193
[  161241ms] [ERROR] [vite] Failed to reload /src/routes/grid/index.tsx?tsr-split=component. This could be due to syntax errors or importing non-existent modules. (see errors above) @ http://localhost:3006/src/routes/__root.tsx:193
[  161256ms] [LOG] %c[Server]%c color: #9333ea; font-weight: bold; color: inherit; 7:26:44 AM [vite] (client) hmr update /src/routes/grid/index.tsx, /src/routes/grid/index.tsx?tsr-split=component @ http://localhost:3006/src/routes/__root.tsx:259
[  161257ms] [ERROR] %c[Server]%c color: #9333ea; font-weight: bold; color: inherit; 7:26:44 AM [vite] Internal server error: Failed to resolve import "#/core/api/supabase/index" from "src/domains/grid/service.ts". Does the file exist?
  Plugin: vite:import-analysis
  File: http://localhost:3006/__tsd/open-source?source=%2FUsers%2Fcb%2FDownloads%2FFYK-TANSTACK%2Fsrc%2Fdomains%2Fgrid%2Fservice.ts%3A100%3A43
  30 |  	// Try Supabase first, fall back to demo data
  31 |  	try {
  32 |  		const { getGridProfiles } = await import("#/core/api/supabase/index");
     |                                             ^
  33 |  		const params = new URLSearchParams();
  34 |  		if (query.nearbyGeoHash) params.set("nearbyGeoHash", query.nearbyGeoHash);
      at TransformPluginContext._formatLog (file:http://localhost:3006/__tsd/open-source?source=%2F%2F%2FUsers%2Fcb%2FDownloads%2FFYK-TANSTACK%2Fnode_modules%2F.pnpm%2Fvite%408.2.2_%40types%2Bnode%4022.20.1_esbuild%400.28.2_jiti%402.7.0_tsx%404.23.12%2Fnode_modules%2Fvite%2Fdist%2Fnode%2Fchunks%2Fnode.js%3A31147%3A39)
      at TransformPluginContext.error (file:http://localhost:3006/__tsd/open-source?source=%2F%2F%2FUsers%2Fcb%2FDownloads%2FFYK-TANSTACK%2Fnode_modules%2F.pnpm%2Fvite%408.2.2_%40types%2Bnode%4022.20.1_esbuild%400.28.2_jiti%402.7.0_tsx%404.23.12%2Fnode_modules%2Fvite%2Fdist%2Fnode%2Fchunks%2Fnode.js%3A31144%3A14)
      at normalizeUrl (file:http://localhost:3006/__tsd/open-source?source=%2F%2F%2FUsers%2Fcb%2FDownloads%2FFYK-TANSTACK%2Fnode_modules%2F.pnpm%2Fvite%408.2.2_%40types%2Bnode%4022.20.1_esbuild%400.28.2_jiti%402.7.0_tsx%404.23.12%2Fnode_modules%2Fvite%2Fdist%2Fnode%2Fchunks%2Fnode.js%3A28083%3A18)
      at async file:http://localhost:3006/__tsd/open-source?source=%2F%2F%2FUsers%2Fcb%2FDownloads%2FFYK-TANSTACK%2Fnode_modules%2F.pnpm%2Fvite%408.2.2_%40types%2Bnode%4022.20.1_esbuild%400.28.2_jiti%402.7.0_tsx%404.23.12%2Fnode_modules%2Fvite%2Fdist%2Fnode%2Fchunks%2Fnode.js%3A28153%3A30
      at async Promise.all (index 1)
      at async TransformPluginContext.transform (file:http://localhost:3006/__tsd/open-source?source=%2F%2F%2FUsers%2Fcb%2FDownloads%2FFYK-TANSTACK%2Fnode_modules%2F.pnpm%2Fvite%408.2.2_%40types%2Bnode%4022.20.1_esbuild%400.28.2_jiti%402.7.0_tsx%404.23.12%2Fnode_modules%2Fvite%2Fdist%2Fnode%2Fchunks%2Fnode.js%3A28119%3A4)
      at async EnvironmentPluginContainer.transform (file:http://localhost:3006/__tsd/open-source?source=%2F%2F%2FUsers%2Fcb%2FDownloads%2FFYK-TANSTACK%2Fnode_modules%2F.pnpm%2Fvite%408.2.2_%40types%2Bnode%4022.20.1_esbuild%400.28.2_jiti%402.7.0_tsx%404.23.12%2Fnode_modules%2Fvite%2Fdist%2Fnode%2Fchunks%2Fnode.js%3A30932%3A14)
      at async loadAndTransform (file:http://localhost:3006/__tsd/open-source?source=%2F%2F%2FUsers%2Fcb%2FDownloads%2FFYK-TANSTACK%2Fnode_modules%2F.pnpm%2Fvite%408.2.2_%40types%2Bnode%4022.20.1_esbuild%400.28.2_jiti%402.7.0_tsx%404.23.12%2Fnode_modules%2Fvite%2Fdist%2Fnode%2Fchunks%2Fnode.js%3A20671%3A26) @ http://localhost:3006/src/routes/__root.tsx:259
[  161257ms] [ERROR] %c[Server]%c color: #9333ea; font-weight: bold; color: inherit; 7:26:44 AM [vite] (client) Pre-transform error: Failed to resolve import "#/core/api/supabase/index" from "src/domains/grid/service.ts". Does the file exist?
  Plugin: vite:import-analysis
  File: http://localhost:3006/__tsd/open-source?source=%2FUsers%2Fcb%2FDownloads%2FFYK-TANSTACK%2Fsrc%2Fdomains%2Fgrid%2Fservice.ts%3A100%3A43
  30 |  	// Try Supabase first, fall back to demo data
  31 |  	try {
  32 |  		const { getGridProfiles } = await import("#/core/api/supabase/index");
     |                                             ^
  33 |  		const params = new URLSearchParams();
  34 |  		if (query.nearbyGeoHash) params.set("nearbyGeoHash", query.nearbyGeoHash); @ http://localhost:3006/src/routes/__root.tsx:259
[  161464ms] [LOG] %c[Server]%c color: #9333ea; font-weight: bold; color: inherit; 7:26:44 AM [vite] (client) hmr update /src/routes/demo/ai-chat.css, /src/styles.css?direct, /src/routes/grid/index.tsx, /src/routes/grid/index.tsx?tsr-split=component @ http://localhost:3006/src/routes/__root.tsx:259
[  161478ms] [ERROR] Failed to load resource: the server responded with a status of 500 (Internal Server Error) @ http://localhost:3006/src/domains/grid/service.ts?t=1787549204174:0
[  161484ms] [ERROR] [vite] Failed to reload /src/routes/grid/index.tsx?tsr-split=component. This could be due to syntax errors or importing non-existent modules. (see errors above) @ http://localhost:3006/src/routes/__root.tsx:193
[  161484ms] [ERROR] [vite] Failed to reload /src/routes/grid/index.tsx. This could be due to syntax errors or importing non-existent modules. (see errors above) @ http://localhost:3006/src/routes/__root.tsx:193
[  161582ms] [ERROR] %c[Server]%c color: #9333ea; font-weight: bold; color: inherit; 7:26:44 AM [vite] Internal server error: Failed to resolve import "#/core/api/supabase/index" from "src/domains/grid/service.ts". Does the file exist?
  Plugin: vite:import-analysis
  File: http://localhost:3006/__tsd/open-source?source=%2FUsers%2Fcb%2FDownloads%2FFYK-TANSTACK%2Fsrc%2Fdomains%2Fgrid%2Fservice.ts%3A100%3A43
  30 |  	// Try Supabase first, fall back to demo data
  31 |  	try {
  32 |  		const { getGridProfiles } = await import("#/core/api/supabase/index");
     |                                             ^
  33 |  		const params = new URLSearchParams();
  34 |  		if (query.nearbyGeoHash) params.set("nearbyGeoHash", query.nearbyGeoHash);
      at TransformPluginContext._formatLog (file:http://localhost:3006/__tsd/open-source?source=%2F%2F%2FUsers%2Fcb%2FDownloads%2FFYK-TANSTACK%2Fnode_modules%2F.pnpm%2Fvite%408.2.2_%40types%2Bnode%4022.20.1_esbuild%400.28.2_jiti%402.7.0_tsx%404.23.12%2Fnode_modules%2Fvite%2Fdist%2Fnode%2Fchunks%2Fnode.js%3A31147%3A39)
      at TransformPluginContext.error (file:http://localhost:3006/__tsd/open-source?source=%2F%2F%2FUsers%2Fcb%2FDownloads%2FFYK-TANSTACK%2Fnode_modules%2F.pnpm%2Fvite%408.2.2_%40types%2Bnode%4022.20.1_esbuild%400.28.2_jiti%402.7.0_tsx%404.23.12%2Fnode_modules%2Fvite%2Fdist%2Fnode%2Fchunks%2Fnode.js%3A31144%3A14)
      at normalizeUrl (file:http://localhost:3006/__tsd/open-source?source=%2F%2F%2FUsers%2Fcb%2FDownloads%2FFYK-TANSTACK%2Fnode_modules%2F.pnpm%2Fvite%408.2.2_%40types%2Bnode%4022.20.1_esbuild%400.28.2_jiti%402.7.0_tsx%404.23.12%2Fnode_modules%2Fvite%2Fdist%2Fnode%2Fchunks%2Fnode.js%3A28083%3A18)
      at async file:http://localhost:3006/__tsd/open-source?source=%2F%2F%2FUsers%2Fcb%2FDownloads%2FFYK-TANSTACK%2Fnode_modules%2F.pnpm%2Fvite%408.2.2_%40types%2Bnode%4022.20.1_esbuild%400.28.2_jiti%402.7.0_tsx%404.23.12%2Fnode_modules%2Fvite%2Fdist%2Fnode%2Fchunks%2Fnode.js%3A28153%3A30
      at async Promise.all (index 1)
      at async TransformPluginContext.transform (file:http://localhost:3006/__tsd/open-source?source=%2F%2F%2FUsers%2Fcb%2FDownloads%2FFYK-TANSTACK%2Fnode_modules%2F.pnpm%2Fvite%408.2.2_%40types%2Bnode%4022.20.1_esbuild%400.28.2_jiti%402.7.0_tsx%404.23.12%2Fnode_modules%2Fvite%2Fdist%2Fnode%2Fchunks%2Fnode.js%3A28119%3A4)
      at async EnvironmentPluginContainer.transform (file:http://localhost:3006/__tsd/open-source?source=%2F%2F%2FUsers%2Fcb%2FDownloads%2FFYK-TANSTACK%2Fnode_modules%2F.pnpm%2Fvite%408.2.2_%40types%2Bnode%4022.20.1_esbuild%400.28.2_jiti%402.7.0_tsx%404.23.12%2Fnode_modules%2Fvite%2Fdist%2Fnode%2Fchunks%2Fnode.js%3A30932%3A14)
      at async loadAndTransform (file:http://localhost:3006/__tsd/open-source?source=%2F%2F%2FUsers%2Fcb%2FDownloads%2FFYK-TANSTACK%2Fnode_modules%2F.pnpm%2Fvite%408.2.2_%40types%2Bnode%4022.20.1_esbuild%400.28.2_jiti%402.7.0_tsx%404.23.12%2Fnode_modules%2Fvite%2Fdist%2Fnode%2Fchunks%2Fnode.js%3A20671%3A26) @ http://localhost:3006/src/routes/__root.tsx:259
[  161582ms] [ERROR] %c[Server]%c color: #9333ea; font-weight: bold; color: inherit; 7:26:44 AM [vite] (client) Pre-transform error: Failed to resolve import "#/core/api/supabase/index" from "src/domains/grid/service.ts". Does the file exist?
  Plugin: vite:import-analysis
  File: http://localhost:3006/__tsd/open-source?source=%2FUsers%2Fcb%2FDownloads%2FFYK-TANSTACK%2Fsrc%2Fdomains%2Fgrid%2Fservice.ts%3A100%3A43
  30 |  	// Try Supabase first, fall back to demo data
  31 |  	try {
  32 |  		const { getGridProfiles } = await import("#/core/api/supabase/index");
     |                                             ^
  33 |  		const params = new URLSearchParams();
  34 |  		if (query.nearbyGeoHash) params.set("nearbyGeoHash", query.nearbyGeoHash); @ http://localhost:3006/src/routes/__root.tsx:259
